Archive member included to satisfy reference by file (symbol)

c:/st/stm32cubeide_1.4.0/stm32cubeide/plugins/com.st.stm32cube.ide.mcu.externaltools.gnu-tools-for-stm32.7-2018-q2-update.win32_1.4.0.202007081208/tools/bin/../lib/gcc/arm-none-eabi/7.3.1/../../../../arm-none-eabi/lib/thumb/v7e-m/fpv5/hard\libc_nano.a(lib_a-exit.o)
                              c:/st/stm32cubeide_1.4.0/stm32cubeide/plugins/com.st.stm32cube.ide.mcu.externaltools.gnu-tools-for-stm32.7-2018-q2-update.win32_1.4.0.202007081208/tools/bin/../lib/gcc/arm-none-eabi/7.3.1/../../../../arm-none-eabi/lib/thumb/v7e-m/fpv5/hard/crt0.o (exit)
c:/st/stm32cubeide_1.4.0/stm32cubeide/plugins/com.st.stm32cube.ide.mcu.externaltools.gnu-tools-for-stm32.7-2018-q2-update.win32_1.4.0.202007081208/tools/bin/../lib/gcc/arm-none-eabi/7.3.1/../../../../arm-none-eabi/lib/thumb/v7e-m/fpv5/hard\libc_nano.a(lib_a-fflush.o)
                              src/Lab3-3.o (fflush)
c:/st/stm32cubeide_1.4.0/stm32cubeide/plugins/com.st.stm32cube.ide.mcu.externaltools.gnu-tools-for-stm32.7-2018-q2-update.win32_1.4.0.202007081208/tools/bin/../lib/gcc/arm-none-eabi/7.3.1/../../../../arm-none-eabi/lib/thumb/v7e-m/fpv5/hard\libc_nano.a(lib_a-findfp.o)
                              c:/st/stm32cubeide_1.4.0/stm32cubeide/plugins/com.st.stm32cube.ide.mcu.externaltools.gnu-tools-for-stm32.7-2018-q2-update.win32_1.4.0.202007081208/tools/bin/../lib/gcc/arm-none-eabi/7.3.1/../../../../arm-none-eabi/lib/thumb/v7e-m/fpv5/hard\libc_nano.a(lib_a-fflush.o) (__sinit)
c:/st/stm32cubeide_1.4.0/stm32cubeide/plugins/com.st.stm32cube.ide.mcu.externaltools.gnu-tools-for-stm32.7-2018-q2-update.win32_1.4.0.202007081208/tools/bin/../lib/gcc/arm-none-eabi/7.3.1/../../../../arm-none-eabi/lib/thumb/v7e-m/fpv5/hard\libc_nano.a(lib_a-fwalk.o)
                              c:/st/stm32cubeide_1.4.0/stm32cubeide/plugins/com.st.stm32cube.ide.mcu.externaltools.gnu-tools-for-stm32.7-2018-q2-update.win32_1.4.0.202007081208/tools/bin/../lib/gcc/arm-none-eabi/7.3.1/../../../../arm-none-eabi/lib/thumb/v7e-m/fpv5/hard\libc_nano.a(lib_a-findfp.o) (_fwalk)
c:/st/stm32cubeide_1.4.0/stm32cubeide/plugins/com.st.stm32cube.ide.mcu.externaltools.gnu-tools-for-stm32.7-2018-q2-update.win32_1.4.0.202007081208/tools/bin/../lib/gcc/arm-none-eabi/7.3.1/../../../../arm-none-eabi/lib/thumb/v7e-m/fpv5/hard\libc_nano.a(lib_a-impure.o)
                              c:/st/stm32cubeide_1.4.0/stm32cubeide/plugins/com.st.stm32cube.ide.mcu.externaltools.gnu-tools-for-stm32.7-2018-q2-update.win32_1.4.0.202007081208/tools/bin/../lib/gcc/arm-none-eabi/7.3.1/../../../../arm-none-eabi/lib/thumb/v7e-m/fpv5/hard\libc_nano.a(lib_a-exit.o) (_global_impure_ptr)
c:/st/stm32cubeide_1.4.0/stm32cubeide/plugins/com.st.stm32cube.ide.mcu.externaltools.gnu-tools-for-stm32.7-2018-q2-update.win32_1.4.0.202007081208/tools/bin/../lib/gcc/arm-none-eabi/7.3.1/../../../../arm-none-eabi/lib/thumb/v7e-m/fpv5/hard\libc_nano.a(lib_a-init.o)
                              c:/st/stm32cubeide_1.4.0/stm32cubeide/plugins/com.st.stm32cube.ide.mcu.externaltools.gnu-tools-for-stm32.7-2018-q2-update.win32_1.4.0.202007081208/tools/bin/../lib/gcc/arm-none-eabi/7.3.1/../../../../arm-none-eabi/lib/thumb/v7e-m/fpv5/hard/crt0.o (__libc_init_array)
c:/st/stm32cubeide_1.4.0/stm32cubeide/plugins/com.st.stm32cube.ide.mcu.externaltools.gnu-tools-for-stm32.7-2018-q2-update.win32_1.4.0.202007081208/tools/bin/../lib/gcc/arm-none-eabi/7.3.1/../../../../arm-none-eabi/lib/thumb/v7e-m/fpv5/hard\libc_nano.a(lib_a-memset.o)
                              c:/st/stm32cubeide_1.4.0/stm32cubeide/plugins/com.st.stm32cube.ide.mcu.externaltools.gnu-tools-for-stm32.7-2018-q2-update.win32_1.4.0.202007081208/tools/bin/../lib/gcc/arm-none-eabi/7.3.1/../../../../arm-none-eabi/lib/thumb/v7e-m/fpv5/hard/crt0.o (memset)
c:/st/stm32cubeide_1.4.0/stm32cubeide/plugins/com.st.stm32cube.ide.mcu.externaltools.gnu-tools-for-stm32.7-2018-q2-update.win32_1.4.0.202007081208/tools/bin/../lib/gcc/arm-none-eabi/7.3.1/../../../../arm-none-eabi/lib/thumb/v7e-m/fpv5/hard\libc_nano.a(lib_a-nano-freer.o)
                              c:/st/stm32cubeide_1.4.0/stm32cubeide/plugins/com.st.stm32cube.ide.mcu.externaltools.gnu-tools-for-stm32.7-2018-q2-update.win32_1.4.0.202007081208/tools/bin/../lib/gcc/arm-none-eabi/7.3.1/../../../../arm-none-eabi/lib/thumb/v7e-m/fpv5/hard\libc_nano.a(lib_a-fflush.o) (_free_r)
c:/st/stm32cubeide_1.4.0/stm32cubeide/plugins/com.st.stm32cube.ide.mcu.externaltools.gnu-tools-for-stm32.7-2018-q2-update.win32_1.4.0.202007081208/tools/bin/../lib/gcc/arm-none-eabi/7.3.1/../../../../arm-none-eabi/lib/thumb/v7e-m/fpv5/hard\libc_nano.a(lib_a-nano-mallocr.o)
                              c:/st/stm32cubeide_1.4.0/stm32cubeide/plugins/com.st.stm32cube.ide.mcu.externaltools.gnu-tools-for-stm32.7-2018-q2-update.win32_1.4.0.202007081208/tools/bin/../lib/gcc/arm-none-eabi/7.3.1/../../../../arm-none-eabi/lib/thumb/v7e-m/fpv5/hard\libc_nano.a(lib_a-findfp.o) (_malloc_r)
[...]
Memory Configuration

Name             Origin             Length             Attributes
RAM              0x0000000020000000 0x0000000000080000 xrw
ROM              0x0000000008000000 0x0000000000200000 xr
*default*        0x0000000000000000 0xffffffffffffffff

Linker script and memory map

LOAD c:/st/stm32cubeide_1.4.0/stm32cubeide/plugins/com.st.stm32cube.ide.mcu.externaltools.gnu-tools-for-stm32.7-2018-q2-update.win32_1.4.0.202007081208/tools/bin/../lib/gcc/arm-none-eabi/7.3.1/thumb/v7e-m/fpv5/hard/crti.o
LOAD c:/st/stm32cubeide_1.4.0/stm32cubeide/plugins/com.st.stm32cube.ide.mcu.externaltools.gnu-tools-for-stm32.7-2018-q2-update.win32_1.4.0.202007081208/tools/bin/../lib/gcc/arm-none-eabi/7.3.1/thumb/v7e-m/fpv5/hard/crtbegin.o
LOAD c:/st/stm32cubeide_1.4.0/stm32cubeide/plugins/com.st.stm32cube.ide.mcu.externaltools.gnu-tools-for-stm32.7-2018-q2-update.win32_1.4.0.202007081208/tools/bin/../lib/gcc/arm-none-eabi/7.3.1/../../../../arm-none-eabi/lib/thumb/v7e-m/fpv5/hard/crt0.o
LOAD src/Lab3-3.o
LOAD src/init.o
LOAD src/uart.o
LOAD startup/startup_stm32f769xx.o
LOAD stm32lib/CMSIS/Device/ST/STM32F7xx/Source/Templates/system_stm32f7xx.o
LOAD stm32lib/STM32F7xx_HAL_Driver/Src/stm32f7xx_hal.o
LOAD stm32lib/STM32F7xx_HAL_Driver/Src/stm32f7xx_hal_adc.o
LOAD stm32lib/STM32F7xx_HAL_Driver/Src/stm32f7xx_hal_cortex.o
LOAD stm32lib/STM32F7xx_HAL_Driver/Src/stm32f7xx_hal_dma.o
LOAD stm32lib/STM32F7xx_HAL_Driver/Src/stm32f7xx_hal_gpio.o
LOAD stm32lib/STM32F7xx_HAL_Driver/Src/stm32f7xx_hal_pwr.o
LOAD stm32lib/STM32F7xx_HAL_Driver/Src/stm32f7xx_hal_pwr_ex.o
LOAD stm32lib/STM32F7xx_HAL_Driver/Src/stm32f7xx_hal_rcc.o
LOAD stm32lib/STM32F7xx_HAL_Driver/Src/stm32f7xx_hal_spi.o
LOAD stm32lib/STM32F7xx_HAL_Driver/Src/stm32f7xx_hal_tim.o
LOAD stm32lib/STM32F7xx_HAL_Driver/Src/stm32f7xx_hal_tim_ex.o
LOAD stm32lib/STM32F7xx_HAL_Driver/Src/stm32f7xx_hal_uart.o
START GROUP
LOAD c:/st/stm32cubeide_1.4.0/stm32cubeide/plugins/com.st.stm32cube.ide.mcu.externaltools.gnu-tools-for-stm32.7-2018-q2-update.win32_1.4.0.202007081208/tools/bin/../lib/gcc/arm-none-eabi/7.3.1/../../../../arm-none-eabi/lib/thumb/v7e-m/fpv5/hard\libc_nano.a
LOAD c:/st/stm32cubeide_1.4.0/stm32cubeide/plugins/com.st.stm32cube.ide.mcu.externaltools.gnu-tools-for-stm32.7-2018-q2-update.win32_1.4.0.202007081208/tools/bin/../lib/gcc/arm-none-eabi/7.3.1/../../../../arm-none-eabi/lib/thumb/v7e-m/fpv5/hard\libm.a
END GROUP
START GROUP
LOAD c:/st/stm32cubeide_1.4.0/stm32cubeide/plugins/com.st.stm32cube.ide.mcu.externaltools.gnu-tools-for-stm32.7-2018-q2-update.win32_1.4.0.202007081208/tools/bin/../lib/gcc/arm-none-eabi/7.3.1/thumb/v7e-m/fpv5/hard\libgcc.a
LOAD c:/st/stm32cubeide_1.4.0/stm32cubeide/plugins/com.st.stm32cube.ide.mcu.externaltools.gnu-tools-for-stm32.7-2018-q2-update.win32_1.4.0.202007081208/tools/bin/../lib/gcc/arm-none-eabi/7.3.1/../../../../arm-none-eabi/lib/thumb/v7e-m/fpv5/hard\libc_nano.a
END GROUP
START GROUP
LOAD c:/st/stm32cubeide_1.4.0/stm32cubeide/plugins/com.st.stm32cube.ide.mcu.externaltools.gnu-tools-for-stm32.7-2018-q2-update.win32_1.4.0.202007081208/tools/bin/../lib/gcc/arm-none-eabi/7.3.1/thumb/v7e-m/fpv5/hard\libgcc.a
LOAD c:/st/stm32cubeide_1.4.0/stm32cubeide/plugins/com.st.stm32cube.ide.mcu.externaltools.gnu-tools-for-stm32.7-2018-q2-update.win32_1.4.0.202007081208/tools/bin/../lib/gcc/arm-none-eabi/7.3.1/../../../../arm-none-eabi/lib/thumb/v7e-m/fpv5/hard\libc_nano.a
LOAD c:/st/stm32cubeide_1.4.0/stm32cubeide/plugins/com.st.stm32cube.ide.mcu.externaltools.gnu-tools-for-stm32.7-2018-q2-update.win32_1.4.0.202007081208/tools/bin/../lib/gcc/arm-none-eabi/7.3.1/../../../../arm-none-eabi/lib/thumb/v7e-m/fpv5/hard\libnosys.a
END GROUP
START GROUP
LOAD c:/st/stm32cubeide_1.4.0/stm32cubeide/plugins/com.st.stm32cube.ide.mcu.externaltools.gnu-tools-for-stm32.7-2018-q2-update.win32_1.4.0.202007081208/tools/bin/../lib/gcc/arm-none-eabi/7.3.1/thumb/v7e-m/fpv5/hard\libgcc.a
LOAD c:/st/stm32cubeide_1.4.0/stm32cubeide/plugins/com.st.stm32cube.ide.mcu.externaltools.gnu-tools-for-stm32.7-2018-q2-update.win32_1.4.0.202007081208/tools/bin/../lib/gcc/arm-none-eabi/7.3.1/../../../../arm-none-eabi/lib/thumb/v7e-m/fpv5/hard\libc_nano.a
LOAD c:/st/stm32cubeide_1.4.0/stm32cubeide/plugins/com.st.stm32cube.ide.mcu.externaltools.gnu-tools-for-stm32.7-2018-q2-update.win32_1.4.0.202007081208/tools/bin/../lib/gcc/arm-none-eabi/7.3.1/../../../../arm-none-eabi/lib/thumb/v7e-m/fpv5/hard\libnosys.a
END GROUP
LOAD c:/st/stm32cubeide_1.4.0/stm32cubeide/plugins/com.st.stm32cube.ide.mcu.externaltools.gnu-tools-for-stm32.7-2018-q2-update.win32_1.4.0.202007081208/tools/bin/../lib/gcc/arm-none-eabi/7.3.1/thumb/v7e-m/fpv5/hard/crtend.o
LOAD c:/st/stm32cubeide_1.4.0/stm32cubeide/plugins/com.st.stm32cube.ide.mcu.externaltools.gnu-tools-for-stm32.7-2018-q2-update.win32_1.4.0.202007081208/tools/bin/../lib/gcc/arm-none-eabi/7.3.1/thumb/v7e-m/fpv5/hard/crtn.o
                0x0000000020080000                _estack = 0x20080000
                0x0000000000000000                _Min_Heap_Size = 0x0
                0x0000000000000400                _Min_Stack_Size = 0x400

.isr_vector     0x0000000008000000      0x1f8
                0x0000000008000000                . = ALIGN (0x4)
 *(.isr_vector)
 .isr_vector    0x0000000008000000      0x1f8 startup/startup_stm32f769xx.o
                0x0000000008000000                g_pfnVectors
                0x00000000080001f8                . = ALIGN (0x4)

.text           0x0000000008000200     0x2e8c
                0x0000000008000200                . = ALIGN (0x4)
 *(.text)
 .text          0x0000000008000200       0x40 c:/st/stm32cubeide_1.4.0/stm32cubeide/plugins/com.st.stm32cube.ide.mcu.externaltools.gnu-tools-for-stm32.7-2018-q2-update.win32_1.4.0.202007081208/tools/bin/../lib/gcc/arm-none-eabi/7.3.1/thumb/v7e-m/fpv5/hard/crtbegin.o
 .text          0x0000000008000240       0xa0 c:/st/stm32cubeide_1.4.0/stm32cubeide/plugins/com.st.stm32cube.ide.mcu.externaltools.gnu-tools-for-stm32.7-2018-q2-update.win32_1.4.0.202007081208/tools/bin/../lib/gcc/arm-none-eabi/7.3.1/../../../../arm-none-eabi/lib/thumb/v7e-m/fpv5/hard\libc_nano.a(lib_a-memchr.o)
                0x0000000008000240                memchr
 .text          0x00000000080002e0       0x30 c:/st/stm32cubeide_1.4.0/stm32cubeide/plugins/com.st.stm32cube.ide.mcu.externaltools.gnu-tools-for-stm32.7-2018-q2-update.win32_1.4.0.202007081208/tools/bin/../lib/gcc/arm-none-eabi/7.3.1/thumb/v7e-m/fpv5/hard\libgcc.a(_aeabi_uldivmod.o)
                0x00000000080002e0                __aeabi_uldivmod
 .text          0x0000000008000310      0x2cc c:/st/stm32cubeide_1.4.0/stm32cubeide/plugins/com.st.stm32cube.ide.mcu.externaltools.gnu-tools-for-stm32.7-2018-q2-update.win32_1.4.0.202007081208/tools/bin/../lib/gcc/arm-none-eabi/7.3.1/thumb/v7e-m/fpv5/hard\libgcc.a(_udivmoddi4.o)
                0x0000000008000310                __udivmoddi4
 .text          0x00000000080005dc        0x4 c:/st/stm32cubeide_1.4.0/stm32cubeide/plugins/com.st.stm32cube.ide.mcu.externaltools.gnu-tools-for-stm32.7-2018-q2-update.win32_1.4.0.202007081208/tools/bin/../lib/gcc/arm-none-eabi/7.3.1/thumb/v7e-m/fpv5/hard\libgcc.a(_dvmd_tls.o)
                0x00000000080005dc                __aeabi_idiv0
                0x00000000080005dc                __aeabi_ldiv0
 *(.text*)
 .text.configureSPI
                0x00000000080005e0       0x3c src/Lab3-3.o
                0x00000000080005e0                configureSPI
 .text.HAL_SPI_MspInit
                0x000000000800061c       0xa4 src/Lab3-3.o
                0x000000000800061c                HAL_SPI_MspInit
 .text.main     0x00000000080006c0       0xb8 src/Lab3-3.o
                0x00000000080006c0                main
 .text.SystemClock_Config
                0x0000000008000778       0x68 src/init.o
                0x0000000008000778                SystemClock_Config
 .text.CPU_CACHE_Enable
                0x00000000080007e0       0x80 src/init.o
                0x00000000080007e0                CPU_CACHE_Enable
 .text.Sys_Init
                0x0000000008000860       0x38 src/init.o
                0x0000000008000860                Sys_Init
 .text.SysTick_Handler
                0x0000000008000898        0x8 src/init.o
                0x0000000008000898                SysTick_Handler
 .text.HAL_UART_MspInit
                0x00000000080008a0       0xd4 src/uart.o
                0x00000000080008a0                HAL_UART_MspInit
 .text.initUart
                0x0000000008000974       0x1a src/uart.o
                0x0000000008000974                initUart
 *fill*         0x000000000800098e        0x2 
 .text._write   0x0000000008000990       0x18 src/uart.o
                0x0000000008000990                _write
 .text._read    0x00000000080009a8       0x1c src/uart.o
                0x00000000080009a8                _read
 .text.Reset_Handler
                0x00000000080009c4       0x50 startup/startup_stm32f769xx.o
                0x00000000080009c4                Reset_Handler
 .text.Default_Handler
                0x0000000008000a14        0x2 startup/startup_stm32f769xx.o
                0x0000000008000a14                RTC_Alarm_IRQHandler
                0x0000000008000a14                EXTI2_IRQHandler
                0x0000000008000a14                TIM8_CC_IRQHandler
                0x0000000008000a14                DebugMon_Handler
                0x0000000008000a14                UART8_IRQHandler
                0x0000000008000a14                SPI4_IRQHandler
                0x0000000008000a14                TIM1_CC_IRQHandler
                0x0000000008000a14                DMA2_Stream5_IRQHandler
                0x0000000008000a14                HardFault_Handler
                0x0000000008000a14                JPEG_IRQHandler
                0x0000000008000a14                DMA1_Stream5_IRQHandler
                0x0000000008000a14                CAN3_RX1_IRQHandler
                0x0000000008000a14                PVD_IRQHandler
                0x0000000008000a14                TAMP_STAMP_IRQHandler
                0x0000000008000a14                PendSV_Handler
                0x0000000008000a14                NMI_Handler
                0x0000000008000a14                CAN2_RX1_IRQHandler
                0x0000000008000a14                EXTI3_IRQHandler
                0x0000000008000a14                TIM8_TRG_COM_TIM14_IRQHandler
                0x0000000008000a14                DFSDM1_FLT1_IRQHandler
                0x0000000008000a14                TIM1_UP_TIM10_IRQHandler
                0x0000000008000a14                TIM8_UP_TIM13_IRQHandler
                0x0000000008000a14                I2C3_ER_IRQHandler
                0x0000000008000a14                DFSDM1_FLT2_IRQHandler
                0x0000000008000a14                EXTI0_IRQHandler
                0x0000000008000a14                I2C2_EV_IRQHandler
                0x0000000008000a14                DMA1_Stream2_IRQHandler
                0x0000000008000a14                CAN1_RX0_IRQHandler
                0x0000000008000a14                FPU_IRQHandler
                0x0000000008000a14                OTG_HS_WKUP_IRQHandler
                0x0000000008000a14                CAN3_SCE_IRQHandler
                0x0000000008000a14                UsageFault_Handler
                0x0000000008000a14                LTDC_ER_IRQHandler
                0x0000000008000a14                CAN2_SCE_IRQHandler
                0x0000000008000a14                DMA2_Stream2_IRQHandler
                0x0000000008000a14                SPI1_IRQHandler
                0x0000000008000a14                TIM6_DAC_IRQHandler
                0x0000000008000a14                TIM1_BRK_TIM9_IRQHandler
                0x0000000008000a14                DCMI_IRQHandler
                0x0000000008000a14                CAN2_RX0_IRQHandler
                0x0000000008000a14                DMA2_Stream3_IRQHandler
                0x0000000008000a14                SAI2_IRQHandler
                0x0000000008000a14                DFSDM1_FLT3_IRQHandler
                0x0000000008000a14                USART6_IRQHandler
                0x0000000008000a14                CAN3_RX0_IRQHandler
                0x0000000008000a14                USART3_IRQHandler
                0x0000000008000a14                CAN1_RX1_IRQHandler
                0x0000000008000a14                UART5_IRQHandler
                0x0000000008000a14                DMA2_Stream0_IRQHandler
                0x0000000008000a14                TIM4_IRQHandler
                0x0000000008000a14                QUADSPI_IRQHandler
                0x0000000008000a14                I2C1_EV_IRQHandler
                0x0000000008000a14                DMA1_Stream6_IRQHandler
                0x0000000008000a14                DMA1_Stream1_IRQHandler
                0x0000000008000a14                UART4_IRQHandler
                0x0000000008000a14                TIM3_IRQHandler
                0x0000000008000a14                RCC_IRQHandler
                0x0000000008000a14                TIM8_BRK_TIM12_IRQHandler
                0x0000000008000a14                Default_Handler
                0x0000000008000a14                CEC_IRQHandler
                0x0000000008000a14                EXTI15_10_IRQHandler
                0x0000000008000a14                ADC_IRQHandler
                0x0000000008000a14                DMA1_Stream7_IRQHandler
                0x0000000008000a14                SPI5_IRQHandler
                0x0000000008000a14                TIM7_IRQHandler
                0x0000000008000a14                SDMMC1_IRQHandler
                0x0000000008000a14                CAN2_TX_IRQHandler
                0x0000000008000a14                TIM5_IRQHandler
                0x0000000008000a14                DMA2_Stream7_IRQHandler
                0x0000000008000a14                I2C3_EV_IRQHandler
                0x0000000008000a14                EXTI9_5_IRQHandler
                0x0000000008000a14                RTC_WKUP_IRQHandler
                0x0000000008000a14                LTDC_IRQHandler
                0x0000000008000a14                ETH_WKUP_IRQHandler
                0x0000000008000a14                SPDIF_RX_IRQHandler
                0x0000000008000a14                SPI2_IRQHandler
                0x0000000008000a14                OTG_HS_EP1_IN_IRQHandler
                0x0000000008000a14                MemManage_Handler
                0x0000000008000a14                DMA1_Stream0_IRQHandler
                0x0000000008000a14                CAN1_TX_IRQHandler
                0x0000000008000a14                SVC_Handler
                0x0000000008000a14                EXTI4_IRQHandler
                0x0000000008000a14                RNG_IRQHandler
                0x0000000008000a14                DSI_IRQHandler
                0x0000000008000a14                ETH_IRQHandler
                0x0000000008000a14                OTG_HS_EP1_OUT_IRQHandler
                0x0000000008000a14                WWDG_IRQHandler
                0x0000000008000a14                SPI6_IRQHandler
                0x0000000008000a14                MDIOS_IRQHandler
                0x0000000008000a14                I2C4_EV_IRQHandler
                0x0000000008000a14                CAN3_TX_IRQHandler
                0x0000000008000a14                TIM2_IRQHandler
                0x0000000008000a14                OTG_FS_WKUP_IRQHandler
                0x0000000008000a14                TIM1_TRG_COM_TIM11_IRQHandler
                0x0000000008000a14                OTG_HS_IRQHandler
                0x0000000008000a14                DMA2D_IRQHandler
                0x0000000008000a14                EXTI1_IRQHandler
                0x0000000008000a14                SDMMC2_IRQHandler
                0x0000000008000a14                UART7_IRQHandler
                0x0000000008000a14                USART2_IRQHandler
                0x0000000008000a14                DFSDM1_FLT0_IRQHandler
                0x0000000008000a14                I2C2_ER_IRQHandler
                0x0000000008000a14                DMA2_Stream1_IRQHandler
                0x0000000008000a14                CAN1_SCE_IRQHandler
                0x0000000008000a14                FLASH_IRQHandler
                0x0000000008000a14                DMA2_Stream4_IRQHandler
                0x0000000008000a14                BusFault_Handler
                0x0000000008000a14                USART1_IRQHandler
                0x0000000008000a14                OTG_FS_IRQHandler
                0x0000000008000a14                SPI3_IRQHandler
                0x0000000008000a14                DMA1_Stream4_IRQHandler
                0x0000000008000a14                I2C1_ER_IRQHandler
                0x0000000008000a14                FMC_IRQHandler
                0x0000000008000a14                LPTIM1_IRQHandler
                0x0000000008000a14                I2C4_ER_IRQHandler
                0x0000000008000a14                DMA2_Stream6_IRQHandler
                0x0000000008000a14                SAI1_IRQHandler
                0x0000000008000a14                DMA1_Stream3_IRQHandler
 *fill*         0x0000000008000a16        0x2 
 .text.SystemInit
                0x0000000008000a18       0x50 stm32lib/CMSIS/Device/ST/STM32F7xx/Source/Templates/system_stm32f7xx.o
                0x0000000008000a18                SystemInit
 .text.HAL_MspInit
                0x0000000008000a68        0x2 stm32lib/STM32F7xx_HAL_Driver/Src/stm32f7xx_hal.o
                0x0000000008000a68                HAL_MspInit
 *fill*         0x0000000008000a6a        0x2 
 .text.HAL_InitTick
                0x0000000008000a6c       0x48 stm32lib/STM32F7xx_HAL_Driver/Src/stm32f7xx_hal.o
                0x0000000008000a6c                HAL_InitTick
 .text.HAL_Init
                0x0000000008000ab4       0x2c stm32lib/STM32F7xx_HAL_Driver/Src/stm32f7xx_hal.o
                0x0000000008000ab4                HAL_Init
 .text.HAL_IncTick
                0x0000000008000ae0       0x18 stm32lib/STM32F7xx_HAL_Driver/Src/stm32f7xx_hal.o
                0x0000000008000ae0                HAL_IncTick
 .text.HAL_GetTick
                0x0000000008000af8        0xc stm32lib/STM32F7xx_HAL_Driver/Src/stm32f7xx_hal.o
                0x0000000008000af8                HAL_GetTick
 .text.HAL_NVIC_SetPriorityGrouping
                0x0000000008000b04       0x24 stm32lib/STM32F7xx_HAL_Driver/Src/stm32f7xx_hal_cortex.o
                0x0000000008000b04                HAL_NVIC_SetPriorityGrouping
 .text.HAL_NVIC_SetPriority
                0x0000000008000b28       0x64 stm32lib/STM32F7xx_HAL_Driver/Src/stm32f7xx_hal_cortex.o
                0x0000000008000b28                HAL_NVIC_SetPriority
 .text.HAL_SYSTICK_Config
                0x0000000008000b8c       0x2c stm32lib/STM32F7xx_HAL_Driver/Src/stm32f7xx_hal_cortex.o
                0x0000000008000b8c                HAL_SYSTICK_Config
 .text.HAL_GPIO_Init
                0x0000000008000bb8      0x1e0 stm32lib/STM32F7xx_HAL_Driver/Src/stm32f7xx_hal_gpio.o
                0x0000000008000bb8                HAL_GPIO_Init
 .text.HAL_GPIO_WritePin
                0x0000000008000d98        0xc stm32lib/STM32F7xx_HAL_Driver/Src/stm32f7xx_hal_gpio.o
                0x0000000008000d98                HAL_GPIO_WritePin
 .text.HAL_PWREx_EnableOverDrive
                0x0000000008000da4       0x7c stm32lib/STM32F7xx_HAL_Driver/Src/stm32f7xx_hal_pwr_ex.o
                0x0000000008000da4                HAL_PWREx_EnableOverDrive
 .text.HAL_RCC_OscConfig
                0x0000000008000e20      0x3d4 stm32lib/STM32F7xx_HAL_Driver/Src/stm32f7xx_hal_rcc.o
                0x0000000008000e20                HAL_RCC_OscConfig
 .text.HAL_RCC_GetSysClockFreq
                0x00000000080011f4       0xa8 stm32lib/STM32F7xx_HAL_Driver/Src/stm32f7xx_hal_rcc.o
                0x00000000080011f4                HAL_RCC_GetSysClockFreq
 .text.HAL_RCC_ClockConfig
                0x000000000800129c      0x164 stm32lib/STM32F7xx_HAL_Driver/Src/stm32f7xx_hal_rcc.o
                0x000000000800129c                HAL_RCC_ClockConfig
 .text.HAL_RCC_GetHCLKFreq
                0x0000000008001400        0xc stm32lib/STM32F7xx_HAL_Driver/Src/stm32f7xx_hal_rcc.o
                0x0000000008001400                HAL_RCC_GetHCLKFreq
 .text.HAL_RCC_GetPCLK1Freq
                0x000000000800140c       0x20 stm32lib/STM32F7xx_HAL_Driver/Src/stm32f7xx_hal_rcc.o
                0x000000000800140c                HAL_RCC_GetPCLK1Freq
 .text.HAL_RCC_GetPCLK2Freq
                0x000000000800142c       0x20 stm32lib/STM32F7xx_HAL_Driver/Src/stm32f7xx_hal_rcc.o
                0x000000000800142c                HAL_RCC_GetPCLK2Freq
 .text.SPI_WaitFlagStateUntilTimeout
                0x000000000800144c       0x90 stm32lib/STM32F7xx_HAL_Driver/Src/stm32f7xx_hal_spi.o
 .text.SPI_WaitFifoStateUntilTimeout
                0x00000000080014dc       0x98 stm32lib/STM32F7xx_HAL_Driver/Src/stm32f7xx_hal_spi.o
 .text.SPI_EndRxTxTransaction
                0x0000000008001574       0x66 stm32lib/STM32F7xx_HAL_Driver/Src/stm32f7xx_hal_spi.o
 .text.HAL_SPI_Init
                0x00000000080015da       0xd8 stm32lib/STM32F7xx_HAL_Driver/Src/stm32f7xx_hal_spi.o
                0x00000000080015da                HAL_SPI_Init
 .text.HAL_SPI_TransmitReceive
                0x00000000080016b2      0x3e6 stm32lib/STM32F7xx_HAL_Driver/Src/stm32f7xx_hal_spi.o
                0x00000000080016b2                HAL_SPI_TransmitReceive
 .text.UART_SetConfig
                0x0000000008001a98      0x370 stm32lib/STM32F7xx_HAL_Driver/Src/stm32f7xx_hal_uart.o
                0x0000000008001a98                UART_SetConfig
 .text.UART_AdvFeatureConfig
                0x0000000008001e08       0xca stm32lib/STM32F7xx_HAL_Driver/Src/stm32f7xx_hal_uart.o
                0x0000000008001e08                UART_AdvFeatureConfig
 .text.UART_WaitOnFlagUntilTimeout
                0x0000000008001ed2       0x60 stm32lib/STM32F7xx_HAL_Driver/Src/stm32f7xx_hal_uart.o
                0x0000000008001ed2                UART_WaitOnFlagUntilTimeout
 .text.HAL_UART_Transmit
                0x0000000008001f32       0xdc stm32lib/STM32F7xx_HAL_Driver/Src/stm32f7xx_hal_uart.o
                0x0000000008001f32                HAL_UART_Transmit
 .text.HAL_UART_Receive
                0x000000000800200e      0x120 stm32lib/STM32F7xx_HAL_Driver/Src/stm32f7xx_hal_uart.o
                0x000000000800200e                HAL_UART_Receive
 .text.UART_CheckIdleState
                0x000000000800212e       0x44 stm32lib/STM32F7xx_HAL_Driver/Src/stm32f7xx_hal_uart.o
                0x000000000800212e                UART_CheckIdleState
 .text.HAL_UART_Init
                0x0000000008002172       0x62 stm32lib/STM32F7xx_HAL_Driver/Src/stm32f7xx_hal_uart.o
                0x0000000008002172                HAL_UART_Init
 .text.__sflush_r
                0x00000000080021d4      0x10c c:/st/stm32cubeide_1.4.0/stm32cubeide/plugins/com.st.stm32cube.ide.mcu.externaltools.gnu-tools-for-stm32.7-2018-q2-update.win32_1.4.0.202007081208/tools/bin/../lib/gcc/arm-none-eabi/7.3.1/../../../../arm-none-eabi/lib/thumb/v7e-m/fpv5/hard\libc_nano.a(lib_a-fflush.o)
                0x00000000080021d4                __sflush_r
 .text._fflush_r
                0x00000000080022e0       0x54 c:/st/stm32cubeide_1.4.0/stm32cubeide/plugins/com.st.stm32cube.ide.mcu.externaltools.gnu-tools-for-stm32.7-2018-q2-update.win32_1.4.0.202007081208/tools/bin/../lib/gcc/arm-none-eabi/7.3.1/../../../../arm-none-eabi/lib/thumb/v7e-m/fpv5/hard\libc_nano.a(lib_a-fflush.o)
                0x00000000080022e0                _fflush_r
 .text.fflush   0x0000000008002334       0x24 c:/st/stm32cubeide_1.4.0/stm32cubeide/plugins/com.st.stm32cube.ide.mcu.externaltools.gnu-tools-for-stm32.7-2018-q2-update.win32_1.4.0.202007081208/tools/bin/../lib/gcc/arm-none-eabi/7.3.1/../../../../arm-none-eabi/lib/thumb/v7e-m/fpv5/hard\libc_nano.a(lib_a-fflush.o)
                0x0000000008002334                fflush
 .text.std      0x0000000008002358       0x48 c:/st/stm32cubeide_1.4.0/stm32cubeide/plugins/com.st.stm32cube.ide.mcu.externaltools.gnu-tools-for-stm32.7-2018-q2-update.win32_1.4.0.202007081208/tools/bin/../lib/gcc/arm-none-eabi/7.3.1/../../../../arm-none-eabi/lib/thumb/v7e-m/fpv5/hard\libc_nano.a(lib_a-findfp.o)
 .text._cleanup_r
                0x00000000080023a0        0xc c:/st/stm32cubeide_1.4.0/stm32cubeide/plugins/com.st.stm32cube.ide.mcu.externaltools.gnu-tools-for-stm32.7-2018-q2-update.win32_1.4.0.202007081208/tools/bin/../lib/gcc/arm-none-eabi/7.3.1/../../../../arm-none-eabi/lib/thumb/v7e-m/fpv5/hard\libc_nano.a(lib_a-findfp.o)
                0x00000000080023a0                _cleanup_r
 .text.__sfmoreglue
                0x00000000080023ac       0x2c c:/st/stm32cubeide_1.4.0/stm32cubeide/plugins/com.st.stm32cube.ide.mcu.externaltools.gnu-tools-for-stm32.7-2018-q2-update.win32_1.4.0.202007081208/tools/bin/../lib/gcc/arm-none-eabi/7.3.1/../../../../arm-none-eabi/lib/thumb/v7e-m/fpv5/hard\libc_nano.a(lib_a-findfp.o)
                0x00000000080023ac                __sfmoreglue
 .text.__sinit  0x00000000080023d8       0x60 c:/st/stm32cubeide_1.4.0/stm32cubeide/plugins/com.st.stm32cube.ide.mcu.externaltools.gnu-tools-for-stm32.7-2018-q2-update.win32_1.4.0.202007081208/tools/bin/../lib/gcc/arm-none-eabi/7.3.1/../../../../arm-none-eabi/lib/thumb/v7e-m/fpv5/hard\libc_nano.a(lib_a-findfp.o)
                0x00000000080023d8                __sinit
 .text.__sfp    0x0000000008002438       0x78 c:/st/stm32cubeide_1.4.0/stm32cubeide/plugins/com.st.stm32cube.ide.mcu.externaltools.gnu-tools-for-stm32.7-2018-q2-update.win32_1.4.0.202007081208/tools/bin/../lib/gcc/arm-none-eabi/7.3.1/../../../../arm-none-eabi/lib/thumb/v7e-m/fpv5/hard\libc_nano.a(lib_a-findfp.o)
                0x0000000008002438                __sfp
 .text._fwalk_reent
                0x00000000080024b0       0x3c c:/st/stm32cubeide_1.4.0/stm32cubeide/plugins/com.st.stm32cube.ide.mcu.externaltools.gnu-tools-for-stm32.7-2018-q2-update.win32_1.4.0.202007081208/tools/bin/../lib/gcc/arm-none-eabi/7.3.1/../../../../arm-none-eabi/lib/thumb/v7e-m/fpv5/hard\libc_nano.a(lib_a-fwalk.o)
                0x00000000080024b0                _fwalk_reent
 .text.__libc_init_array
                0x00000000080024ec       0x48 c:/st/stm32cubeide_1.4.0/stm32cubeide/plugins/com.st.stm32cube.ide.mcu.externaltools.gnu-tools-for-stm32.7-2018-q2-update.win32_1.4.0.202007081208/tools/bin/../lib/gcc/arm-none-eabi/7.3.1/../../../../arm-none-eabi/lib/thumb/v7e-m/fpv5/hard\libc_nano.a(lib_a-init.o)
                0x00000000080024ec                __libc_init_array
 .text.memset   0x0000000008002534       0x10 c:/st/stm32cubeide_1.4.0/stm32cubeide/plugins/com.st.stm32cube.ide.mcu.externaltools.gnu-tools-for-stm32.7-2018-q2-update.win32_1.4.0.202007081208/tools/bin/../lib/gcc/arm-none-eabi/7.3.1/../../../../arm-none-eabi/lib/thumb/v7e-m/fpv5/hard\libc_nano.a(lib_a-memset.o)
                0x0000000008002534                memset
 .text._free_r  0x0000000008002544       0x9c c:/st/stm32cubeide_1.4.0/stm32cubeide/plugins/com.st.stm32cube.ide.mcu.externaltools.gnu-tools-for-stm32.7-2018-q2-update.win32_1.4.0.202007081208/tools/bin/../lib/gcc/arm-none-eabi/7.3.1/../../../../arm-none-eabi/lib/thumb/v7e-m/fpv5/hard\libc_nano.a(lib_a-nano-freer.o)
                0x0000000008002544                _free_r
 .text._malloc_r
                0x00000000080025e0       0xb4 c:/st/stm32cubeide_1.4.0/stm32cubeide/plugins/com.st.stm32cube.ide.mcu.externaltools.gnu-tools-for-stm32.7-2018-q2-update.win32_1.4.0.202007081208/tools/bin/../lib/gcc/arm-none-eabi/7.3.1/../../../../arm-none-eabi/lib/thumb/v7e-m/fpv5/hard\libc_nano.a(lib_a-nano-mallocr.o)
                0x00000000080025e0                _malloc_r
 .text.printf   0x0000000008002694       0x30 c:/st/stm32cubeide_1.4.0/stm32cubeide/plugins/com.st.stm32cube.ide.mcu.externaltools.gnu-tools-for-stm32.7-2018-q2-update.win32_1.4.0.202007081208/tools/bin/../lib/gcc/arm-none-eabi/7.3.1/../../../../arm-none-eabi/lib/thumb/v7e-m/fpv5/hard\libc_nano.a(lib_a-printf.o)
                0x0000000008002694                iprintf
                0x0000000008002694                printf
 .text._sbrk_r  0x00000000080026c4       0x20 c:/st/stm32cubeide_1.4.0/stm32cubeide/plugins/com.st.stm32cube.ide.mcu.externaltools.gnu-tools-for-stm32.7-2018-q2-update.win32_1.4.0.202007081208/tools/bin/../lib/gcc/arm-none-eabi/7.3.1/../../../../arm-none-eabi/lib/thumb/v7e-m/fpv5/hard\libc_nano.a(lib_a-sbrkr.o)
                0x00000000080026c4                _sbrk_r
 .text.__sread  0x00000000080026e4       0x22 c:/st/stm32cubeide_1.4.0/stm32cubeide/plugins/com.st.stm32cube.ide.mcu.externaltools.gnu-tools-for-stm32.7-2018-q2-update.win32_1.4.0.202007081208/tools/bin/../lib/gcc/arm-none-eabi/7.3.1/../../../../arm-none-eabi/lib/thumb/v7e-m/fpv5/hard\libc_nano.a(lib_a-stdio.o)
                0x00000000080026e4                __sread
 .text.__swrite
                0x0000000008002706       0x38 c:/st/stm32cubeide_1.4.0/stm32cubeide/plugins/com.st.stm32cube.ide.mcu.externaltools.gnu-tools-for-stm32.7-2018-q2-update.win32_1.4.0.202007081208/tools/bin/../lib/gcc/arm-none-eabi/7.3.1/../../../../arm-none-eabi/lib/thumb/v7e-m/fpv5/hard\libc_nano.a(lib_a-stdio.o)
                0x0000000008002706                __swrite
 .text.__sseek  0x000000000800273e       0x24 c:/st/stm32cubeide_1.4.0/stm32cubeide/plugins/com.st.stm32cube.ide.mcu.externaltools.gnu-tools-for-stm32.7-2018-q2-update.win32_1.4.0.202007081208/tools/bin/../lib/gcc/arm-none-eabi/7.3.1/../../../../arm-none-eabi/lib/thumb/v7e-m/fpv5/hard\libc_nano.a(lib_a-stdio.o)
                0x000000000800273e                __sseek
 .text.__sclose
                0x0000000008002762        0x8 c:/st/stm32cubeide_1.4.0/stm32cubeide/plugins/com.st.stm32cube.ide.mcu.externaltools.gnu-tools-for-stm32.7-2018-q2-update.win32_1.4.0.202007081208/tools/bin/../lib/gcc/arm-none-eabi/7.3.1/../../../../arm-none-eabi/lib/thumb/v7e-m/fpv5/hard\libc_nano.a(lib_a-stdio.o)
                0x0000000008002762                __sclose
 *fill*         0x000000000800276a        0x2 
 .text._write_r
                0x000000000800276c       0x24 c:/st/stm32cubeide_1.4.0/stm32cubeide/plugins/com.st.stm32cube.ide.mcu.externaltools.gnu-tools-for-stm32.7-2018-q2-update.win32_1.4.0.202007081208/tools/bin/../lib/gcc/arm-none-eabi/7.3.1/../../../../arm-none-eabi/lib/thumb/v7e-m/fpv5/hard\libc_nano.a(lib_a-writer.o)
                0x000000000800276c                _write_r
 .text._close_r
                0x0000000008002790       0x20 c:/st/stm32cubeide_1.4.0/stm32cubeide/plugins/com.st.stm32cube.ide.mcu.externaltools.gnu-tools-for-stm32.7-2018-q2-update.win32_1.4.0.202007081208/tools/bin/../lib/gcc/arm-none-eabi/7.3.1/../../../../arm-none-eabi/lib/thumb/v7e-m/fpv5/hard\libc_nano.a(lib_a-closer.o)
                0x0000000008002790                _close_r
 .text._lseek_r
                0x00000000080027b0       0x24 c:/st/stm32cubeide_1.4.0/stm32cubeide/plugins/com.st.stm32cube.ide.mcu.externaltools.gnu-tools-for-stm32.7-2018-q2-update.win32_1.4.0.202007081208/tools/bin/../lib/gcc/arm-none-eabi/7.3.1/../../../../arm-none-eabi/lib/thumb/v7e-m/fpv5/hard\libc_nano.a(lib_a-lseekr.o)
                0x00000000080027b0                _lseek_r
 .text.__malloc_lock
                0x00000000080027d4        0x2 c:/st/stm32cubeide_1.4.0/stm32cubeide/plugins/com.st.stm32cube.ide.mcu.externaltools.gnu-tools-for-stm32.7-2018-q2-update.win32_1.4.0.202007081208/tools/bin/../lib/gcc/arm-none-eabi/7.3.1/../../../../arm-none-eabi/lib/thumb/v7e-m/fpv5/hard\libc_nano.a(lib_a-mlock.o)
                0x00000000080027d4                __malloc_lock
 .text.__malloc_unlock
                0x00000000080027d6        0x2 c:/st/stm32cubeide_1.4.0/stm32cubeide/plugins/com.st.stm32cube.ide.mcu.externaltools.gnu-tools-for-stm32.7-2018-q2-update.win32_1.4.0.202007081208/tools/bin/../lib/gcc/arm-none-eabi/7.3.1/../../../../arm-none-eabi/lib/thumb/v7e-m/fpv5/hard\libc_nano.a(lib_a-mlock.o)
                0x00000000080027d6                __malloc_unlock
 .text.__sfputc_r
                0x00000000080027d8       0x2e c:/st/stm32cubeide_1.4.0/stm32cubeide/plugins/com.st.stm32cube.ide.mcu.externaltools.gnu-tools-for-stm32.7-2018-q2-update.win32_1.4.0.202007081208/tools/bin/../lib/gcc/arm-none-eabi/7.3.1/../../../../arm-none-eabi/lib/thumb/v7e-m/fpv5/hard\libc_nano.a(lib_a-nano-vfprintf.o)
 .text.__sfputs_r
                0x0000000008002806       0x24 c:/st/stm32cubeide_1.4.0/stm32cubeide/plugins/com.st.stm32cube.ide.mcu.externaltools.gnu-tools-for-stm32.7-2018-q2-update.win32_1.4.0.202007081208/tools/bin/../lib/gcc/arm-none-eabi/7.3.1/../../../../arm-none-eabi/lib/thumb/v7e-m/fpv5/hard\libc_nano.a(lib_a-nano-vfprintf.o)
                0x0000000008002806                __sfputs_r
 *fill*         0x000000000800282a        0x2 
 .text._vfprintf_r
                0x000000000800282c      0x22c c:/st/stm32cubeide_1.4.0/stm32cubeide/plugins/com.st.stm32cube.ide.mcu.externaltools.gnu-tools-for-stm32.7-2018-q2-update.win32_1.4.0.202007081208/tools/bin/../lib/gcc/arm-none-eabi/7.3.1/../../../../arm-none-eabi/lib/thumb/v7e-m/fpv5/hard\libc_nano.a(lib_a-nano-vfprintf.o)
                0x000000000800282c                _vfprintf_r
                0x000000000800282c                _vfiprintf_r
 .text._printf_common
                0x0000000008002a58       0xea c:/st/stm32cubeide_1.4.0/stm32cubeide/plugins/com.st.stm32cube.ide.mcu.externaltools.gnu-tools-for-stm32.7-2018-q2-update.win32_1.4.0.202007081208/tools/bin/../lib/gcc/arm-none-eabi/7.3.1/../../../../arm-none-eabi/lib/thumb/v7e-m/fpv5/hard\libc_nano.a(lib_a-nano-vfprintf_i.o)
                0x0000000008002a58                _printf_common
 *fill*         0x0000000008002b42        0x2 
 .text._printf_i
                0x0000000008002b44      0x224 c:/st/stm32cubeide_1.4.0/stm32cubeide/plugins/com.st.stm32cube.ide.mcu.externaltools.gnu-tools-for-stm32.7-2018-q2-update.win32_1.4.0.202007081208/tools/bin/../lib/gcc/arm-none-eabi/7.3.1/../../../../arm-none-eabi/lib/thumb/v7e-m/fpv5/hard\libc_nano.a(lib_a-nano-vfprintf_i.o)
                0x0000000008002b44                _printf_i
 .text._read_r  0x0000000008002d68       0x24 c:/st/stm32cubeide_1.4.0/stm32cubeide/plugins/com.st.stm32cube.ide.mcu.externaltools.gnu-tools-for-stm32.7-2018-q2-update.win32_1.4.0.202007081208/tools/bin/../lib/gcc/arm-none-eabi/7.3.1/../../../../arm-none-eabi/lib/thumb/v7e-m/fpv5/hard\libc_nano.a(lib_a-readr.o)
                0x0000000008002d68                _read_r
 .text.__swbuf_r
                0x0000000008002d8c       0xa4 c:/st/stm32cubeide_1.4.0/stm32cubeide/plugins/com.st.stm32cube.ide.mcu.externaltools.gnu-tools-for-stm32.7-2018-q2-update.win32_1.4.0.202007081208/tools/bin/../lib/gcc/arm-none-eabi/7.3.1/../../../../arm-none-eabi/lib/thumb/v7e-m/fpv5/hard\libc_nano.a(lib_a-wbuf.o)
                0x0000000008002d8c                __swbuf_r
 .text.__swsetup_r
                0x0000000008002e30       0xdc c:/st/stm32cubeide_1.4.0/stm32cubeide/plugins/com.st.stm32cube.ide.mcu.externaltools.gnu-tools-for-stm32.7-2018-q2-update.win32_1.4.0.202007081208/tools/bin/../lib/gcc/arm-none-eabi/7.3.1/../../../../arm-none-eabi/lib/thumb/v7e-m/fpv5/hard\libc_nano.a(lib_a-wsetup.o)
                0x0000000008002e30                __swsetup_r
 .text.__swhatbuf_r
                0x0000000008002f0c       0x48 c:/st/stm32cubeide_1.4.0/stm32cubeide/plugins/com.st.stm32cube.ide.mcu.externaltools.gnu-tools-for-stm32.7-2018-q2-update.win32_1.4.0.202007081208/tools/bin/../lib/gcc/arm-none-eabi/7.3.1/../../../../arm-none-eabi/lib/thumb/v7e-m/fpv5/hard\libc_nano.a(lib_a-makebuf.o)
                0x0000000008002f0c                __swhatbuf_r
 .text.__smakebuf_r
                0x0000000008002f54       0x80 c:/st/stm32cubeide_1.4.0/stm32cubeide/plugins/com.st.stm32cube.ide.mcu.externaltools.gnu-tools-for-stm32.7-2018-q2-update.win32_1.4.0.202007081208/tools/bin/../lib/gcc/arm-none-eabi/7.3.1/../../../../arm-none-eabi/lib/thumb/v7e-m/fpv5/hard\libc_nano.a(lib_a-makebuf.o)
                0x0000000008002f54                __smakebuf_r
 .text._fstat_r
                0x0000000008002fd4       0x24 c:/st/stm32cubeide_1.4.0/stm32cubeide/plugins/com.st.stm32cube.ide.mcu.externaltools.gnu-tools-for-stm32.7-2018-q2-update.win32_1.4.0.202007081208/tools/bin/../lib/gcc/arm-none-eabi/7.3.1/../../../../arm-none-eabi/lib/thumb/v7e-m/fpv5/hard\libc_nano.a(lib_a-fstatr.o)
                0x0000000008002fd4                _fstat_r
 .text._isatty_r
                0x0000000008002ff8       0x20 c:/st/stm32cubeide_1.4.0/stm32cubeide/plugins/com.st.stm32cube.ide.mcu.externaltools.gnu-tools-for-stm32.7-2018-q2-update.win32_1.4.0.202007081208/tools/bin/../lib/gcc/arm-none-eabi/7.3.1/../../../../arm-none-eabi/lib/thumb/v7e-m/fpv5/hard\libc_nano.a(lib_a-isattyr.o)
                0x0000000008002ff8                _isatty_r
 .text._close   0x0000000008003018       0x10 c:/st/stm32cubeide_1.4.0/stm32cubeide/plugins/com.st.stm32cube.ide.mcu.externaltools.gnu-tools-for-stm32.7-2018-q2-update.win32_1.4.0.202007081208/tools/bin/../lib/gcc/arm-none-eabi/7.3.1/../../../../arm-none-eabi/lib/thumb/v7e-m/fpv5/hard\libnosys.a(close.o)
                0x0000000008003018                _close
 .text._fstat   0x0000000008003028       0x10 c:/st/stm32cubeide_1.4.0/stm32cubeide/plugins/com.st.stm32cube.ide.mcu.externaltools.gnu-tools-for-stm32.7-2018-q2-update.win32_1.4.0.202007081208/tools/bin/../lib/gcc/arm-none-eabi/7.3.1/../../../../arm-none-eabi/lib/thumb/v7e-m/fpv5/hard\libnosys.a(fstat.o)
                0x0000000008003028                _fstat
 .text._isatty  0x0000000008003038       0x10 c:/st/stm32cubeide_1.4.0/stm32cubeide/plugins/com.st.stm32cube.ide.mcu.externaltools.gnu-tools-for-stm32.7-2018-q2-update.win32_1.4.0.202007081208/tools/bin/../lib/gcc/arm-none-eabi/7.3.1/../../../../arm-none-eabi/lib/thumb/v7e-m/fpv5/hard\libnosys.a(isatty.o)
                0x0000000008003038                _isatty
 .text._lseek   0x0000000008003048       0x10 c:/st/stm32cubeide_1.4.0/stm32cubeide/plugins/com.st.stm32cube.ide.mcu.externaltools.gnu-tools-for-stm32.7-2018-q2-update.win32_1.4.0.202007081208/tools/bin/../lib/gcc/arm-none-eabi/7.3.1/../../../../arm-none-eabi/lib/thumb/v7e-m/fpv5/hard\libnosys.a(lseek.o)
                0x0000000008003048                _lseek
 .text._sbrk    0x0000000008003058       0x1c c:/st/stm32cubeide_1.4.0/stm32cubeide/plugins/com.st.stm32cube.ide.mcu.externaltools.gnu-tools-for-stm32.7-2018-q2-update.win32_1.4.0.202007081208/tools/bin/../lib/gcc/arm-none-eabi/7.3.1/../../../../arm-none-eabi/lib/thumb/v7e-m/fpv5/hard\libnosys.a(sbrk.o)
                0x0000000008003058                _sbrk
 *(.glue_7)
 .glue_7        0x0000000008003074        0x0 linker stubs
 *(.glue_7t)
 .glue_7t       0x0000000008003074        0x0 linker stubs
 *(.eh_frame)
 .eh_frame      0x0000000008003074        0x0 c:/st/stm32cubeide_1.4.0/stm32cubeide/plugins/com.st.stm32cube.ide.mcu.externaltools.gnu-tools-for-stm32.7-2018-q2-update.win32_1.4.0.202007081208/tools/bin/../lib/gcc/arm-none-eabi/7.3.1/thumb/v7e-m/fpv5/hard/crtbegin.o
 *(.init)
 .init          0x0000000008003074        0x4 c:/st/stm32cubeide_1.4.0/stm32cubeide/plugins/com.st.stm32cube.ide.mcu.externaltools.gnu-tools-for-stm32.7-2018-q2-update.win32_1.4.0.202007081208/tools/bin/../lib/gcc/arm-none-eabi/7.3.1/thumb/v7e-m/fpv5/hard/crti.o
                0x0000000008003074                _init
 .init          0x0000000008003078        0x8 c:/st/stm32cubeide_1.4.0/stm32cubeide/plugins/com.st.stm32cube.ide.mcu.externaltools.gnu-tools-for-stm32.7-2018-q2-update.win32_1.4.0.202007081208/tools/bin/../lib/gcc/arm-none-eabi/7.3.1/thumb/v7e-m/fpv5/hard/crtn.o
 *(.fini)
 .fini          0x0000000008003080        0x4 c:/st/stm32cubeide_1.4.0/stm32cubeide/plugins/com.st.stm32cube.ide.mcu.externaltools.gnu-tools-for-stm32.7-2018-q2-update.win32_1.4.0.202007081208/tools/bin/../lib/gcc/arm-none-eabi/7.3.1/thumb/v7e-m/fpv5/hard/crti.o
                0x0000000008003080                _fini
 .fini          0x0000000008003084        0x8 c:/st/stm32cubeide_1.4.0/stm32cubeide/plugins/com.st.stm32cube.ide.mcu.externaltools.gnu-tools-for-stm32.7-2018-q2-update.win32_1.4.0.202007081208/tools/bin/../lib/gcc/arm-none-eabi/7.3.1/thumb/v7e-m/fpv5/hard/crtn.o
                0x000000000800308c                . = ALIGN (0x4)
                0x000000000800308c                _etext = .

.vfp11_veneer   0x000000000800308c        0x0
 .vfp11_veneer  0x000000000800308c        0x0 linker stubs

.v4_bx          0x000000000800308c        0x0
 .v4_bx         0x000000000800308c        0x0 linker stubs

.iplt           0x000000000800308c        0x0
 .iplt          0x000000000800308c        0x0 c:/st/stm32cubeide_1.4.0/stm32cubeide/plugins/com.st.stm32cube.ide.mcu.externaltools.gnu-tools-for-stm32.7-2018-q2-update.win32_1.4.0.202007081208/tools/bin/../lib/gcc/arm-none-eabi/7.3.1/thumb/v7e-m/fpv5/hard/crtbegin.o

.rodata         0x000000000800308c       0xe0
                0x000000000800308c                . = ALIGN (0x4)
 *(.rodata)
 .rodata        0x000000000800308c       0x18 stm32lib/CMSIS/Device/ST/STM32F7xx/Source/Templates/system_stm32f7xx.o
                0x000000000800308c                AHBPrescTable
                0x000000000800309c                APBPrescTable
 *(.rodata*)
 .rodata.str1.4
                0x00000000080030a4       0x30 src/Lab3-3.o
                                         0x2f (size before relaxing)
 .rodata.__sf_fake_stderr
                0x00000000080030d4       0x20 c:/st/stm32cubeide_1.4.0/stm32cubeide/plugins/com.st.stm32cube.ide.mcu.externaltools.gnu-tools-for-stm32.7-2018-q2-update.win32_1.4.0.202007081208/tools/bin/../lib/gcc/arm-none-eabi/7.3.1/../../../../arm-none-eabi/lib/thumb/v7e-m/fpv5/hard\libc_nano.a(lib_a-findfp.o)
                0x00000000080030d4                __sf_fake_stderr
 .rodata.__sf_fake_stdin
                0x00000000080030f4       0x20 c:/st/stm32cubeide_1.4.0/stm32cubeide/plugins/com.st.stm32cube.ide.mcu.externaltools.gnu-tools-for-stm32.7-2018-q2-update.win32_1.4.0.202007081208/tools/bin/../lib/gcc/arm-none-eabi/7.3.1/../../../../arm-none-eabi/lib/thumb/v7e-m/fpv5/hard\libc_nano.a(lib_a-findfp.o)
                0x00000000080030f4                __sf_fake_stdin
 .rodata.__sf_fake_stdout
                0x0000000008003114       0x20 c:/st/stm32cubeide_1.4.0/stm32cubeide/plugins/com.st.stm32cube.ide.mcu.externaltools.gnu-tools-for-stm32.7-2018-q2-update.win32_1.4.0.202007081208/tools/bin/../lib/gcc/arm-none-eabi/7.3.1/../../../../arm-none-eabi/lib/thumb/v7e-m/fpv5/hard\libc_nano.a(lib_a-findfp.o)
                0x0000000008003114                __sf_fake_stdout
 .rodata._global_impure_ptr
                0x0000000008003134        0x4 c:/st/stm32cubeide_1.4.0/stm32cubeide/plugins/com.st.stm32cube.ide.mcu.externaltools.gnu-tools-for-stm32.7-2018-q2-update.win32_1.4.0.202007081208/tools/bin/../lib/gcc/arm-none-eabi/7.3.1/../../../../arm-none-eabi/lib/thumb/v7e-m/fpv5/hard\libc_nano.a(lib_a-impure.o)
                0x0000000008003134                _global_impure_ptr
 .rodata._vfprintf_r.str1.1
                0x0000000008003138       0x11 c:/st/stm32cubeide_1.4.0/stm32cubeide/plugins/com.st.stm32cube.ide.mcu.externaltools.gnu-tools-for-stm32.7-2018-q2-update.win32_1.4.0.202007081208/tools/bin/../lib/gcc/arm-none-eabi/7.3.1/../../../../arm-none-eabi/lib/thumb/v7e-m/fpv5/hard\libc_nano.a(lib_a-nano-vfprintf.o)
 .rodata._printf_i.str1.1
                0x0000000008003149       0x22 c:/st/stm32cubeide_1.4.0/stm32cubeide/plugins/com.st.stm32cube.ide.mcu.externaltools.gnu-tools-for-stm32.7-2018-q2-update.win32_1.4.0.202007081208/tools/bin/../lib/gcc/arm-none-eabi/7.3.1/../../../../arm-none-eabi/lib/thumb/v7e-m/fpv5/hard\libc_nano.a(lib_a-nano-vfprintf_i.o)
                0x000000000800316c                . = ALIGN (0x4)
 *fill*         0x000000000800316b        0x1 

.ARM.extab      0x000000000800316c        0x0
                0x000000000800316c                . = ALIGN (0x4)
 *(.ARM.extab* .gnu.linkonce.armextab.*)
                0x000000000800316c                . = ALIGN (0x4)

.ARM            0x000000000800316c        0x8
                0x000000000800316c                . = ALIGN (0x4)
                0x000000000800316c                __exidx_start = .
 *(.ARM.exidx*)
 .ARM.exidx     0x000000000800316c        0x8 c:/st/stm32cubeide_1.4.0/stm32cubeide/plugins/com.st.stm32cube.ide.mcu.externaltools.gnu-tools-for-stm32.7-2018-q2-update.win32_1.4.0.202007081208/tools/bin/../lib/gcc/arm-none-eabi/7.3.1/thumb/v7e-m/fpv5/hard\libgcc.a(_udivmoddi4.o)
                0x0000000008003174                __exidx_end = .
                0x0000000008003174                . = ALIGN (0x4)

.rel.dyn        0x0000000008003174        0x0
 .rel.iplt      0x0000000008003174        0x0 c:/st/stm32cubeide_1.4.0/stm32cubeide/plugins/com.st.stm32cube.ide.mcu.externaltools.gnu-tools-for-stm32.7-2018-q2-update.win32_1.4.0.202007081208/tools/bin/../lib/gcc/arm-none-eabi/7.3.1/thumb/v7e-m/fpv5/hard/crtbegin.o

.preinit_array  0x0000000008003174        0x0
                0x0000000008003174                . = ALIGN (0x4)
                0x0000000008003174                PROVIDE (__preinit_array_start = .)
 *(.preinit_array*)
                0x0000000008003174                PROVIDE (__preinit_array_end = .)
                0x0000000008003174                . = ALIGN (0x4)

.init_array     0x0000000008003174        0x4
                0x0000000008003174                . = ALIGN (0x4)
                0x0000000008003174                PROVIDE (__init_array_start = .)
 *(SORT_BY_NAME(.init_array.*))
 *(.init_array*)
 .init_array    0x0000000008003174        0x4 c:/st/stm32cubeide_1.4.0/stm32cubeide/plugins/com.st.stm32cube.ide.mcu.externaltools.gnu-tools-for-stm32.7-2018-q2-update.win32_1.4.0.202007081208/tools/bin/../lib/gcc/arm-none-eabi/7.3.1/thumb/v7e-m/fpv5/hard/crtbegin.o
                0x0000000008003178                PROVIDE (__init_array_end = .)
                0x0000000008003178                . = ALIGN (0x4)

.fini_array     0x0000000008003178        0x4
                0x0000000008003178                . = ALIGN (0x4)
                [!provide]                        PROVIDE (__fini_array_start = .)
 *(SORT_BY_NAME(.fini_array.*))
 *(.fini_array*)
 .fini_array    0x0000000008003178        0x4 c:/st/stm32cubeide_1.4.0/stm32cubeide/plugins/com.st.stm32cube.ide.mcu.externaltools.gnu-tools-for-stm32.7-2018-q2-update.win32_1.4.0.202007081208/tools/bin/../lib/gcc/arm-none-eabi/7.3.1/thumb/v7e-m/fpv5/hard/crtbegin.o
                [!provide]                        PROVIDE (__fini_array_end = .)
                0x000000000800317c                . = ALIGN (0x4)
                0x000000000800317c                _sidata = LOADADDR (.data)

.data           0x0000000020000000       0x70 load address 0x000000000800317c
                0x0000000020000000                . = ALIGN (0x4)
                0x0000000020000000                _sdata = .
 *(.data)
 .data          0x0000000020000000        0x4 stm32lib/CMSIS/Device/ST/STM32F7xx/Source/Templates/system_stm32f7xx.o
                0x0000000020000000                SystemCoreClock
 .data          0x0000000020000004        0x8 stm32lib/STM32F7xx_HAL_Driver/Src/stm32f7xx_hal.o
                0x0000000020000004                uwTickFreq
                0x0000000020000008                uwTickPrio
 *(.data*)
 .data._impure_ptr
                0x000000002000000c        0x4 c:/st/stm32cubeide_1.4.0/stm32cubeide/plugins/com.st.stm32cube.ide.mcu.externaltools.gnu-tools-for-stm32.7-2018-q2-update.win32_1.4.0.202007081208/tools/bin/../lib/gcc/arm-none-eabi/7.3.1/../../../../arm-none-eabi/lib/thumb/v7e-m/fpv5/hard\libc_nano.a(lib_a-impure.o)
                0x000000002000000c                _impure_ptr
 .data.impure_data
                0x0000000020000010       0x60 c:/st/stm32cubeide_1.4.0/stm32cubeide/plugins/com.st.stm32cube.ide.mcu.externaltools.gnu-tools-for-stm32.7-2018-q2-update.win32_1.4.0.202007081208/tools/bin/../lib/gcc/arm-none-eabi/7.3.1/../../../../arm-none-eabi/lib/thumb/v7e-m/fpv5/hard\libc_nano.a(lib_a-impure.o)
                0x0000000020000070                . = ALIGN (0x4)
                0x0000000020000070                _edata = .

.igot.plt       0x0000000020000070        0x0 load address 0x00000000080031ec
 .igot.plt      0x0000000020000070        0x0 c:/st/stm32cubeide_1.4.0/stm32cubeide/plugins/com.st.stm32cube.ide.mcu.externaltools.gnu-tools-for-stm32.7-2018-q2-update.win32_1.4.0.202007081208/tools/bin/../lib/gcc/arm-none-eabi/7.3.1/thumb/v7e-m/fpv5/hard/crtbegin.o
                0x0000000020000070                . = ALIGN (0x4)

.bss            0x0000000020000070      0x194 load address 0x00000000080031ec
                0x0000000020000070                _sbss = .
                0x0000000020000070                __bss_start__ = _sbss
 *(.bss)
 .bss           0x0000000020000070       0x1c c:/st/stm32cubeide_1.4.0/stm32cubeide/plugins/com.st.stm32cube.ide.mcu.externaltools.gnu-tools-for-stm32.7-2018-q2-update.win32_1.4.0.202007081208/tools/bin/../lib/gcc/arm-none-eabi/7.3.1/thumb/v7e-m/fpv5/hard/crtbegin.o
 *(.bss*)
 .bss.__malloc_free_list
                0x000000002000008c        0x4 c:/st/stm32cubeide_1.4.0/stm32cubeide/plugins/com.st.stm32cube.ide.mcu.externaltools.gnu-tools-for-stm32.7-2018-q2-update.win32_1.4.0.202007081208/tools/bin/../lib/gcc/arm-none-eabi/7.3.1/../../../../arm-none-eabi/lib/thumb/v7e-m/fpv5/hard\libc_nano.a(lib_a-nano-mallocr.o)
                0x000000002000008c                __malloc_free_list
 .bss.__malloc_sbrk_start
                0x0000000020000090        0x4 c:/st/stm32cubeide_1.4.0/stm32cubeide/plugins/com.st.stm32cube.ide.mcu.externaltools.gnu-tools-for-stm32.7-2018-q2-update.win32_1.4.0.202007081208/tools/bin/../lib/gcc/arm-none-eabi/7.3.1/../../../../arm-none-eabi/lib/thumb/v7e-m/fpv5/hard\libc_nano.a(lib_a-nano-mallocr.o)
                0x0000000020000090                __malloc_sbrk_start
 .bss.heap_end.5377
                0x0000000020000094        0x4 c:/st/stm32cubeide_1.4.0/stm32cubeide/plugins/com.st.stm32cube.ide.mcu.externaltools.gnu-tools-for-stm32.7-2018-q2-update.win32_1.4.0.202007081208/tools/bin/../lib/gcc/arm-none-eabi/7.3.1/../../../../arm-none-eabi/lib/thumb/v7e-m/fpv5/hard\libnosys.a(sbrk.o)
 *(COMMON)
 COMMON         0x0000000020000098      0x164 src/Lab3-3.o
                0x0000000020000098                spi2
                0x00000000200000fc                USB_UART
                0x000000002000017c                huart6
 COMMON         0x00000000200001fc        0x4 stm32lib/STM32F7xx_HAL_Driver/Src/stm32f7xx_hal.o
                0x00000000200001fc                uwTick
 COMMON         0x0000000020000200        0x4 c:/st/stm32cubeide_1.4.0/stm32cubeide/plugins/com.st.stm32cube.ide.mcu.externaltools.gnu-tools-for-stm32.7-2018-q2-update.win32_1.4.0.202007081208/tools/bin/../lib/gcc/arm-none-eabi/7.3.1/../../../../arm-none-eabi/lib/thumb/v7e-m/fpv5/hard\libc_nano.a(lib_a-reent.o)
                0x0000000020000200                errno
                0x0000000020000204                . = ALIGN (0x4)
                0x0000000020000204                _ebss = .
                0x0000000020000204                __bss_end__ = _ebss

._user_heap_stack
                0x0000000020000204      0x404 load address 0x00000000080031ec
                0x0000000020000208                . = ALIGN (0x8)
 *fill*         0x0000000020000204        0x4 
                0x0000000020000208                PROVIDE (end = .)
                [!provide]                        PROVIDE (_end = .)
                0x0000000020000208                . = (. + _Min_Heap_Size)
                0x0000000020000608                . = (. + _Min_Stack_Size)
 *fill*         0x0000000020000208      0x400 
                0x0000000020000608                . = ALIGN (0x8)

/DISCARD/
 libc.a(*)
 libm.a(*)
 libgcc.a(*)

.ARM.attributes
                0x0000000000000000       0x2e
 *(.ARM.attributes)
 .ARM.attributes
                0x0000000000000000       0x20 c:/st/stm32cubeide_1.4.0/stm32cubeide/plugins/com.st.stm32cube.ide.mcu.externaltools.gnu-tools-for-stm32.7-2018-q2-update.win32_1.4.0.202007081208/tools/bin/../lib/gcc/arm-none-eabi/7.3.1/thumb/v7e-m/fpv5/hard/crti.o
 .ARM.attributes
                0x0000000000000020       0x32 c:/st/stm32cubeide_1.4.0/stm32cubeide/plugins/com.st.stm32cube.ide.mcu.externaltools.gnu-tools-for-stm32.7-2018-q2-update.win32_1.4.0.202007081208/tools/bin/../lib/gcc/arm-none-eabi/7.3.1/thumb/v7e-m/fpv5/hard/crtbegin.o
 .ARM.attributes
                0x0000000000000052       0x37 src/Lab3-3.o
 .ARM.attributes
                0x0000000000000089       0x37 src/init.o
 .ARM.attributes
                0x00000000000000c0       0x37 src/uart.o
 .ARM.attributes
                0x00000000000000f7       0x21 startup/startup_stm32f769xx.o
 .ARM.attributes
                0x0000000000000118       0x37 stm32lib/CMSIS/Device/ST/STM32F7xx/Source/Templates/system_stm32f7xx.o
 .ARM.attributes
                0x000000000000014f       0x37 stm32lib/STM32F7xx_HAL_Driver/Src/stm32f7xx_hal.o
 .ARM.attributes
                0x0000000000000186       0x37 stm32lib/STM32F7xx_HAL_Driver/Src/stm32f7xx_hal_cortex.o
 .ARM.attributes
                0x00000000000001bd       0x37 stm32lib/STM32F7xx_HAL_Driver/Src/stm32f7xx_hal_gpio.o
 .ARM.attributes
                0x00000000000001f4       0x37 stm32lib/STM32F7xx_HAL_Driver/Src/stm32f7xx_hal_pwr_ex.o
 .ARM.attributes
                0x000000000000022b       0x37 stm32lib/STM32F7xx_HAL_Driver/Src/stm32f7xx_hal_rcc.o
 .ARM.attributes
                0x0000000000000262       0x37 stm32lib/STM32F7xx_HAL_Driver/Src/stm32f7xx_hal_spi.o
 .ARM.attributes
                0x0000000000000299       0x37 stm32lib/STM32F7xx_HAL_Driver/Src/stm32f7xx_hal_uart.o
 .ARM.attributes
                0x00000000000002d0       0x32 c:/st/stm32cubeide_1.4.0/stm32cubeide/plugins/com.st.stm32cube.ide.mcu.externaltools.gnu-tools-for-stm32.7-2018-q2-update.win32_1.4.0.202007081208/tools/bin/../lib/gcc/arm-none-eabi/7.3.1/../../../../arm-none-eabi/lib/thumb/v7e-m/fpv5/hard\libc_nano.a(lib_a-fflush.o)
 .ARM.attributes
                0x0000000000000302       0x32 c:/st/stm32cubeide_1.4.0/stm32cubeide/plugins/com.st.stm32cube.ide.mcu.externaltools.gnu-tools-for-stm32.7-2018-q2-update.win32_1.4.0.202007081208/tools/bin/../lib/gcc/arm-none-eabi/7.3.1/../../../../arm-none-eabi/lib/thumb/v7e-m/fpv5/hard\libc_nano.a(lib_a-findfp.o)
 .ARM.attributes
                0x0000000000000334       0x32 c:/st/stm32cubeide_1.4.0/stm32cubeide/plugins/com.st.stm32cube.ide.mcu.externaltools.gnu-tools-for-stm32.7-2018-q2-update.win32_1.4.0.202007081208/tools/bin/../lib/gcc/arm-none-eabi/7.3.1/../../../../arm-none-eabi/lib/thumb/v7e-m/fpv5/hard\libc_nano.a(lib_a-fwalk.o)
 .ARM.attributes
                0x0000000000000366       0x32 c:/st/stm32cubeide_1.4.0/stm32cubeide/plugins/com.st.stm32cube.ide.mcu.externaltools.gnu-tools-for-stm32.7-2018-q2-update.win32_1.4.0.202007081208/tools/bin/../lib/gcc/arm-none-eabi/7.3.1/../../../../arm-none-eabi/lib/thumb/v7e-m/fpv5/hard\libc_nano.a(lib_a-impure.o)
 .ARM.attributes
                0x0000000000000398       0x32 c:/st/stm32cubeide_1.4.0/stm32cubeide/plugins/com.st.stm32cube.ide.mcu.externaltools.gnu-tools-for-stm32.7-2018-q2-update.win32_1.4.0.202007081208/tools/bin/../lib/gcc/arm-none-eabi/7.3.1/../../../../arm-none-eabi/lib/thumb/v7e-m/fpv5/hard\libc_nano.a(lib_a-init.o)
 .ARM.attributes
                0x00000000000003ca       0x32 c:/st/stm32cubeide_1.4.0/stm32cubeide/plugins/com.st.stm32cube.ide.mcu.externaltools.gnu-tools-for-stm32.7-2018-q2-update.win32_1.4.0.202007081208/tools/bin/../lib/gcc/arm-none-eabi/7.3.1/../../../../arm-none-eabi/lib/thumb/v7e-m/fpv5/hard\libc_nano.a(lib_a-memset.o)
 .ARM.attributes
                0x00000000000003fc       0x32 c:/st/stm32cubeide_1.4.0/stm32cubeide/plugins/com.st.stm32cube.ide.mcu.externaltools.gnu-tools-for-stm32.7-2018-q2-update.win32_1.4.0.202007081208/tools/bin/../lib/gcc/arm-none-eabi/7.3.1/../../../../arm-none-eabi/lib/thumb/v7e-m/fpv5/hard\libc_nano.a(lib_a-nano-freer.o)
 .ARM.attributes
                0x000000000000042e       0x32 c:/st/stm32cubeide_1.4.0/stm32cubeide/plugins/com.st.stm32cube.ide.mcu.externaltools.gnu-tools-for-stm32.7-2018-q2-update.win32_1.4.0.202007081208/tools/bin/../lib/gcc/arm-none-eabi/7.3.1/../../../../arm-none-eabi/lib/thumb/v7e-m/fpv5/hard\libc_nano.a(lib_a-nano-mallocr.o)
 .ARM.attributes
                0x0000000000000460       0x32 c:/st/stm32cubeide_1.4.0/stm32cubeide/plugins/com.st.stm32cube.ide.mcu.externaltools.gnu-tools-for-stm32.7-2018-q2-update.win32_1.4.0.202007081208/tools/bin/../lib/gcc/arm-none-eabi/7.3.1/../../../../arm-none-eabi/lib/thumb/v7e-m/fpv5/hard\libc_nano.a(lib_a-printf.o)
 .ARM.attributes
                0x0000000000000492       0x32 c:/st/stm32cubeide_1.4.0/stm32cubeide/plugins/com.st.stm32cube.ide.mcu.externaltools.gnu-tools-for-stm32.7-2018-q2-update.win32_1.4.0.202007081208/tools/bin/../lib/gcc/arm-none-eabi/7.3.1/../../../../arm-none-eabi/lib/thumb/v7e-m/fpv5/hard\libc_nano.a(lib_a-sbrkr.o)
 .ARM.attributes
                0x00000000000004c4       0x32 c:/st/stm32cubeide_1.4.0/stm32cubeide/plugins/com.st.stm32cube.ide.mcu.externaltools.gnu-tools-for-stm32.7-2018-q2-update.win32_1.4.0.202007081208/tools/bin/../lib/gcc/arm-none-eabi/7.3.1/../../../../arm-none-eabi/lib/thumb/v7e-m/fpv5/hard\libc_nano.a(lib_a-stdio.o)
 .ARM.attributes
                0x00000000000004f6       0x32 c:/st/stm32cubeide_1.4.0/stm32cubeide/plugins/com.st.stm32cube.ide.mcu.externaltools.gnu-tools-for-stm32.7-2018-q2-update.win32_1.4.0.202007081208/tools/bin/../lib/gcc/arm-none-eabi/7.3.1/../../../../arm-none-eabi/lib/thumb/v7e-m/fpv5/hard\libc_nano.a(lib_a-writer.o)
 .ARM.attributes
                0x0000000000000528       0x32 c:/st/stm32cubeide_1.4.0/stm32cubeide/plugins/com.st.stm32cube.ide.mcu.externaltools.gnu-tools-for-stm32.7-2018-q2-update.win32_1.4.0.202007081208/tools/bin/../lib/gcc/arm-none-eabi/7.3.1/../../../../arm-none-eabi/lib/thumb/v7e-m/fpv5/hard\libc_nano.a(lib_a-closer.o)
 .ARM.attributes
                0x000000000000055a       0x32 c:/st/stm32cubeide_1.4.0/stm32cubeide/plugins/com.st.stm32cube.ide.mcu.externaltools.gnu-tools-for-stm32.7-2018-q2-update.win32_1.4.0.202007081208/tools/bin/../lib/gcc/arm-none-eabi/7.3.1/../../../../arm-none-eabi/lib/thumb/v7e-m/fpv5/hard\libc_nano.a(lib_a-lseekr.o)
 .ARM.attributes
                0x000000000000058c       0x32 c:/st/stm32cubeide_1.4.0/stm32cubeide/plugins/com.st.stm32cube.ide.mcu.externaltools.gnu-tools-for-stm32.7-2018-q2-update.win32_1.4.0.202007081208/tools/bin/../lib/gcc/arm-none-eabi/7.3.1/../../../../arm-none-eabi/lib/thumb/v7e-m/fpv5/hard\libc_nano.a(lib_a-mlock.o)
 .ARM.attributes
                0x00000000000005be       0x32 c:/st/stm32cubeide_1.4.0/stm32cubeide/plugins/com.st.stm32cube.ide.mcu.externaltools.gnu-tools-for-stm32.7-2018-q2-update.win32_1.4.0.202007081208/tools/bin/../lib/gcc/arm-none-eabi/7.3.1/../../../../arm-none-eabi/lib/thumb/v7e-m/fpv5/hard\libc_nano.a(lib_a-nano-vfprintf.o)
 .ARM.attributes
                0x00000000000005f0       0x32 c:/st/stm32cubeide_1.4.0/stm32cubeide/plugins/com.st.stm32cube.ide.mcu.externaltools.gnu-tools-for-stm32.7-2018-q2-update.win32_1.4.0.202007081208/tools/bin/../lib/gcc/arm-none-eabi/7.3.1/../../../../arm-none-eabi/lib/thumb/v7e-m/fpv5/hard\libc_nano.a(lib_a-nano-vfprintf_i.o)
 .ARM.attributes
                0x0000000000000622       0x32 c:/st/stm32cubeide_1.4.0/stm32cubeide/plugins/com.st.stm32cube.ide.mcu.externaltools.gnu-tools-for-stm32.7-2018-q2-update.win32_1.4.0.202007081208/tools/bin/../lib/gcc/arm-none-eabi/7.3.1/../../../../arm-none-eabi/lib/thumb/v7e-m/fpv5/hard\libc_nano.a(lib_a-readr.o)
 .ARM.attributes
                0x0000000000000654       0x32 c:/st/stm32cubeide_1.4.0/stm32cubeide/plugins/com.st.stm32cube.ide.mcu.externaltools.gnu-tools-for-stm32.7-2018-q2-update.win32_1.4.0.202007081208/tools/bin/../lib/gcc/arm-none-eabi/7.3.1/../../../../arm-none-eabi/lib/thumb/v7e-m/fpv5/hard\libc_nano.a(lib_a-reent.o)
 .ARM.attributes
                0x0000000000000686       0x32 c:/st/stm32cubeide_1.4.0/stm32cubeide/plugins/com.st.stm32cube.ide.mcu.externaltools.gnu-tools-for-stm32.7-2018-q2-update.win32_1.4.0.202007081208/tools/bin/../lib/gcc/arm-none-eabi/7.3.1/../../../../arm-none-eabi/lib/thumb/v7e-m/fpv5/hard\libc_nano.a(lib_a-wbuf.o)
 .ARM.attributes
                0x00000000000006b8       0x32 c:/st/stm32cubeide_1.4.0/stm32cubeide/plugins/com.st.stm32cube.ide.mcu.externaltools.gnu-tools-for-stm32.7-2018-q2-update.win32_1.4.0.202007081208/tools/bin/../lib/gcc/arm-none-eabi/7.3.1/../../../../arm-none-eabi/lib/thumb/v7e-m/fpv5/hard\libc_nano.a(lib_a-wsetup.o)
 .ARM.attributes
                0x00000000000006ea       0x32 c:/st/stm32cubeide_1.4.0/stm32cubeide/plugins/com.st.stm32cube.ide.mcu.externaltools.gnu-tools-for-stm32.7-2018-q2-update.win32_1.4.0.202007081208/tools/bin/../lib/gcc/arm-none-eabi/7.3.1/../../../../arm-none-eabi/lib/thumb/v7e-m/fpv5/hard\libc_nano.a(lib_a-makebuf.o)
 .ARM.attributes
                0x000000000000071c       0x1e c:/st/stm32cubeide_1.4.0/stm32cubeide/plugins/com.st.stm32cube.ide.mcu.externaltools.gnu-tools-for-stm32.7-2018-q2-update.win32_1.4.0.202007081208/tools/bin/../lib/gcc/arm-none-eabi/7.3.1/../../../../arm-none-eabi/lib/thumb/v7e-m/fpv5/hard\libc_nano.a(lib_a-memchr.o)
 .ARM.attributes
                0x000000000000073a       0x32 c:/st/stm32cubeide_1.4.0/stm32cubeide/plugins/com.st.stm32cube.ide.mcu.externaltools.gnu-tools-for-stm32.7-2018-q2-update.win32_1.4.0.202007081208/tools/bin/../lib/gcc/arm-none-eabi/7.3.1/../../../../arm-none-eabi/lib/thumb/v7e-m/fpv5/hard\libc_nano.a(lib_a-fstatr.o)
 .ARM.attributes
                0x000000000000076c       0x32 c:/st/stm32cubeide_1.4.0/stm32cubeide/plugins/com.st.stm32cube.ide.mcu.externaltools.gnu-tools-for-stm32.7-2018-q2-update.win32_1.4.0.202007081208/tools/bin/../lib/gcc/arm-none-eabi/7.3.1/../../../../arm-none-eabi/lib/thumb/v7e-m/fpv5/hard\libc_nano.a(lib_a-isattyr.o)
 .ARM.attributes
                0x000000000000079e       0x20 c:/st/stm32cubeide_1.4.0/stm32cubeide/plugins/com.st.stm32cube.ide.mcu.externaltools.gnu-tools-for-stm32.7-2018-q2-update.win32_1.4.0.202007081208/tools/bin/../lib/gcc/arm-none-eabi/7.3.1/thumb/v7e-m/fpv5/hard\libgcc.a(_aeabi_uldivmod.o)
 .ARM.attributes
                0x00000000000007be       0x32 c:/st/stm32cubeide_1.4.0/stm32cubeide/plugins/com.st.stm32cube.ide.mcu.externaltools.gnu-tools-for-stm32.7-2018-q2-update.win32_1.4.0.202007081208/tools/bin/../lib/gcc/arm-none-eabi/7.3.1/thumb/v7e-m/fpv5/hard\libgcc.a(_udivmoddi4.o)
 .ARM.attributes
                0x00000000000007f0       0x20 c:/st/stm32cubeide_1.4.0/stm32cubeide/plugins/com.st.stm32cube.ide.mcu.externaltools.gnu-tools-for-stm32.7-2018-q2-update.win32_1.4.0.202007081208/tools/bin/../lib/gcc/arm-none-eabi/7.3.1/thumb/v7e-m/fpv5/hard\libgcc.a(_dvmd_tls.o)
 .ARM.attributes
                0x0000000000000810       0x32 c:/st/stm32cubeide_1.4.0/stm32cubeide/plugins/com.st.stm32cube.ide.mcu.externaltools.gnu-tools-for-stm32.7-2018-q2-update.win32_1.4.0.202007081208/tools/bin/../lib/gcc/arm-none-eabi/7.3.1/../../../../arm-none-eabi/lib/thumb/v7e-m/fpv5/hard\libnosys.a(close.o)
 .ARM.attributes
                0x0000000000000842       0x32 c:/st/stm32cubeide_1.4.0/stm32cubeide/plugins/com.st.stm32cube.ide.mcu.externaltools.gnu-tools-for-stm32.7-2018-q2-update.win32_1.4.0.202007081208/tools/bin/../lib/gcc/arm-none-eabi/7.3.1/../../../../arm-none-eabi/lib/thumb/v7e-m/fpv5/hard\libnosys.a(fstat.o)
 .ARM.attributes
                0x0000000000000874       0x32 c:/st/stm32cubeide_1.4.0/stm32cubeide/plugins/com.st.stm32cube.ide.mcu.externaltools.gnu-tools-for-stm32.7-2018-q2-update.win32_1.4.0.202007081208/tools/bin/../lib/gcc/arm-none-eabi/7.3.1/../../../../arm-none-eabi/lib/thumb/v7e-m/fpv5/hard\libnosys.a(isatty.o)
 .ARM.attributes
                0x00000000000008a6       0x32 c:/st/stm32cubeide_1.4.0/stm32cubeide/plugins/com.st.stm32cube.ide.mcu.externaltools.gnu-tools-for-stm32.7-2018-q2-update.win32_1.4.0.202007081208/tools/bin/../lib/gcc/arm-none-eabi/7.3.1/../../../../arm-none-eabi/lib/thumb/v7e-m/fpv5/hard\libnosys.a(lseek.o)
 .ARM.attributes
                0x00000000000008d8       0x32 c:/st/stm32cubeide_1.4.0/stm32cubeide/plugins/com.st.stm32cube.ide.mcu.externaltools.gnu-tools-for-stm32.7-2018-q2-update.win32_1.4.0.202007081208/tools/bin/../lib/gcc/arm-none-eabi/7.3.1/../../../../arm-none-eabi/lib/thumb/v7e-m/fpv5/hard\libnosys.a(sbrk.o)
 .ARM.attributes
                0x000000000000090a       0x20 c:/st/stm32cubeide_1.4.0/stm32cubeide/plugins/com.st.stm32cube.ide.mcu.externaltools.gnu-tools-for-stm32.7-2018-q2-update.win32_1.4.0.202007081208/tools/bin/../lib/gcc/arm-none-eabi/7.3.1/thumb/v7e-m/fpv5/hard/crtn.o
OUTPUT(LAB-03_Template.elf elf32-littlearm)

.debug_info     0x0000000000000000     0xc31c
 .debug_info    0x0000000000000000     0x1764 src/Lab3-3.o
 .debug_info    0x0000000000001764     0x162f src/init.o
 .debug_info    0x0000000000002d93     0x15e2 src/uart.o
 .debug_info    0x0000000000004375       0x22 startup/startup_stm32f769xx.o
 .debug_info    0x0000000000004397      0x742 stm32lib/CMSIS/Device/ST/STM32F7xx/Source/Templates/system_stm32f7xx.o
 .debug_info    0x0000000000004ad9      0xb57 stm32lib/STM32F7xx_HAL_Driver/Src/stm32f7xx_hal.o
 .debug_info    0x0000000000005630     0x11f6 stm32lib/STM32F7xx_HAL_Driver/Src/stm32f7xx_hal_cortex.o
 .debug_info    0x0000000000006826      0x7f6 stm32lib/STM32F7xx_HAL_Driver/Src/stm32f7xx_hal_gpio.o
 .debug_info    0x000000000000701c      0xa48 stm32lib/STM32F7xx_HAL_Driver/Src/stm32f7xx_hal_pwr_ex.o
 .debug_info    0x0000000000007a64      0xb9a stm32lib/STM32F7xx_HAL_Driver/Src/stm32f7xx_hal_rcc.o
 .debug_info    0x00000000000085fe     0x215e stm32lib/STM32F7xx_HAL_Driver/Src/stm32f7xx_hal_spi.o
 .debug_info    0x000000000000a75c     0x1bc0 stm32lib/STM32F7xx_HAL_Driver/Src/stm32f7xx_hal_uart.o

.debug_abbrev   0x0000000000000000     0x18bf
 .debug_abbrev  0x0000000000000000      0x263 src/Lab3-3.o
 .debug_abbrev  0x0000000000000263      0x2ae src/init.o
 .debug_abbrev  0x0000000000000511      0x26d src/uart.o
 .debug_abbrev  0x000000000000077e       0x12 startup/startup_stm32f769xx.o
 .debug_abbrev  0x0000000000000790      0x147 stm32lib/CMSIS/Device/ST/STM32F7xx/Source/Templates/system_stm32f7xx.o
 .debug_abbrev  0x00000000000008d7      0x1ed stm32lib/STM32F7xx_HAL_Driver/Src/stm32f7xx_hal.o
 .debug_abbrev  0x0000000000000ac4      0x328 stm32lib/STM32F7xx_HAL_Driver/Src/stm32f7xx_hal_cortex.o
 .debug_abbrev  0x0000000000000dec      0x1e7 stm32lib/STM32F7xx_HAL_Driver/Src/stm32f7xx_hal_gpio.o
 .debug_abbrev  0x0000000000000fd3      0x1c0 stm32lib/STM32F7xx_HAL_Driver/Src/stm32f7xx_hal_pwr_ex.o
 .debug_abbrev  0x0000000000001193      0x296 stm32lib/STM32F7xx_HAL_Driver/Src/stm32f7xx_hal_rcc.o
 .debug_abbrev  0x0000000000001429      0x249 stm32lib/STM32F7xx_HAL_Driver/Src/stm32f7xx_hal_spi.o
 .debug_abbrev  0x0000000000001672      0x24d stm32lib/STM32F7xx_HAL_Driver/Src/stm32f7xx_hal_uart.o

.debug_loc      0x0000000000000000     0x4aae
 .debug_loc     0x0000000000000000       0x21 src/Lab3-3.o
 .debug_loc     0x0000000000000021       0xd7 src/init.o
 .debug_loc     0x00000000000000f8      0x2f1 src/uart.o
 .debug_loc     0x00000000000003e9      0x13e stm32lib/CMSIS/Device/ST/STM32F7xx/Source/Templates/system_stm32f7xx.o
 .debug_loc     0x0000000000000527       0xfd stm32lib/STM32F7xx_HAL_Driver/Src/stm32f7xx_hal.o
 .debug_loc     0x0000000000000624      0x5c0 stm32lib/STM32F7xx_HAL_Driver/Src/stm32f7xx_hal_cortex.o
 .debug_loc     0x0000000000000be4      0x497 stm32lib/STM32F7xx_HAL_Driver/Src/stm32f7xx_hal_gpio.o
 .debug_loc     0x000000000000107b      0x198 stm32lib/STM32F7xx_HAL_Driver/Src/stm32f7xx_hal_pwr_ex.o
 .debug_loc     0x0000000000001213      0x4cf stm32lib/STM32F7xx_HAL_Driver/Src/stm32f7xx_hal_rcc.o
 .debug_loc     0x00000000000016e2     0x1ce5 stm32lib/STM32F7xx_HAL_Driver/Src/stm32f7xx_hal_spi.o
 .debug_loc     0x00000000000033c7     0x16e7 stm32lib/STM32F7xx_HAL_Driver/Src/stm32f7xx_hal_uart.o

.debug_aranges  0x0000000000000000      0x818
 .debug_aranges
                0x0000000000000000       0x30 src/Lab3-3.o
 .debug_aranges
                0x0000000000000030       0x38 src/init.o
 .debug_aranges
                0x0000000000000068       0x58 src/uart.o
 .debug_aranges
                0x00000000000000c0       0x28 startup/startup_stm32f769xx.o
 .debug_aranges
                0x00000000000000e8       0x28 stm32lib/CMSIS/Device/ST/STM32F7xx/Source/Templates/system_stm32f7xx.o
 .debug_aranges
                0x0000000000000110      0x110 stm32lib/STM32F7xx_HAL_Driver/Src/stm32f7xx_hal.o
 .debug_aranges
                0x0000000000000220       0xa8 stm32lib/STM32F7xx_HAL_Driver/Src/stm32f7xx_hal_cortex.o
 .debug_aranges
                0x00000000000002c8       0x58 stm32lib/STM32F7xx_HAL_Driver/Src/stm32f7xx_hal_gpio.o
 .debug_aranges
                0x0000000000000320       0x80 stm32lib/STM32F7xx_HAL_Driver/Src/stm32f7xx_hal_pwr_ex.o
 .debug_aranges
                0x00000000000003a0       0x88 stm32lib/STM32F7xx_HAL_Driver/Src/stm32f7xx_hal_rcc.o
 .debug_aranges
                0x0000000000000428      0x1f8 stm32lib/STM32F7xx_HAL_Driver/Src/stm32f7xx_hal_spi.o
 .debug_aranges
                0x0000000000000620      0x1f8 stm32lib/STM32F7xx_HAL_Driver/Src/stm32f7xx_hal_uart.o

.debug_ranges   0x0000000000000000      0x7c0
 .debug_ranges  0x0000000000000000       0x20 src/Lab3-3.o
 .debug_ranges  0x0000000000000020       0x28 src/init.o
 .debug_ranges  0x0000000000000048       0x48 src/uart.o
 .debug_ranges  0x0000000000000090       0x20 startup/startup_stm32f769xx.o
 .debug_ranges  0x00000000000000b0       0x18 stm32lib/CMSIS/Device/ST/STM32F7xx/Source/Templates/system_stm32f7xx.o
 .debug_ranges  0x00000000000000c8      0x100 stm32lib/STM32F7xx_HAL_Driver/Src/stm32f7xx_hal.o
 .debug_ranges  0x00000000000001c8       0xf8 stm32lib/STM32F7xx_HAL_Driver/Src/stm32f7xx_hal_cortex.o
 .debug_ranges  0x00000000000002c0       0x48 stm32lib/STM32F7xx_HAL_Driver/Src/stm32f7xx_hal_gpio.o
 .debug_ranges  0x0000000000000308       0x70 stm32lib/STM32F7xx_HAL_Driver/Src/stm32f7xx_hal_pwr_ex.o
 .debug_ranges  0x0000000000000378       0x78 stm32lib/STM32F7xx_HAL_Driver/Src/stm32f7xx_hal_rcc.o
 .debug_ranges  0x00000000000003f0      0x1e8 stm32lib/STM32F7xx_HAL_Driver/Src/stm32f7xx_hal_spi.o
 .debug_ranges  0x00000000000005d8      0x1e8 stm32lib/STM32F7xx_HAL_Driver/Src/stm32f7xx_hal_uart.o

.debug_macro    0x0000000000000000    0x2b9cf
 .debug_macro   0x0000000000000000      0x39c src/Lab3-3.o
 .debug_macro   0x000000000000039c      0xa66 src/Lab3-3.o
 .debug_macro   0x0000000000000e02       0x3b src/Lab3-3.o
 .debug_macro   0x0000000000000e3d       0x22 src/Lab3-3.o
 .debug_macro   0x0000000000000e5f       0x8e src/Lab3-3.o
 .debug_macro   0x0000000000000eed       0x51 src/Lab3-3.o
 .debug_macro   0x0000000000000f3e       0xef src/Lab3-3.o
 .debug_macro   0x000000000000102d       0x6a src/Lab3-3.o
 .debug_macro   0x0000000000001097      0x1df src/Lab3-3.o
 .debug_macro   0x0000000000001276       0x1c src/Lab3-3.o
 .debug_macro   0x0000000000001292       0x22 src/Lab3-3.o
 .debug_macro   0x00000000000012b4       0xdf src/Lab3-3.o
 .debug_macro   0x0000000000001393     0x12cd src/Lab3-3.o
 .debug_macro   0x0000000000002660      0x11f src/Lab3-3.o
 .debug_macro   0x000000000000277f       0x19 src/Lab3-3.o
 .debug_macro   0x0000000000002798    0x1fad7 src/Lab3-3.o
 .debug_macro   0x000000000002226f      0x1b0 src/Lab3-3.o
 .debug_macro   0x000000000002241f       0x2e src/Lab3-3.o
 .debug_macro   0x000000000002244d       0x43 src/Lab3-3.o
 .debug_macro   0x0000000000022490     0x363d src/Lab3-3.o
 .debug_macro   0x0000000000025acd      0x174 src/Lab3-3.o
 .debug_macro   0x0000000000025c41       0x61 src/Lab3-3.o
 .debug_macro   0x0000000000025ca2     0x1b3f src/Lab3-3.o
 .debug_macro   0x00000000000277e1      0x6c4 src/Lab3-3.o
 .debug_macro   0x0000000000027ea5      0x117 src/Lab3-3.o
 .debug_macro   0x0000000000027fbc      0x276 src/Lab3-3.o
 .debug_macro   0x0000000000028232       0x27 src/Lab3-3.o
 .debug_macro   0x0000000000028259      0x24f src/Lab3-3.o
 .debug_macro   0x00000000000284a8       0x71 src/Lab3-3.o
 .debug_macro   0x0000000000028519       0x58 src/Lab3-3.o
 .debug_macro   0x0000000000028571      0x236 src/Lab3-3.o
 .debug_macro   0x00000000000287a7      0x14f src/Lab3-3.o
 .debug_macro   0x00000000000288f6      0x3dc src/Lab3-3.o
 .debug_macro   0x0000000000028cd2       0x12 src/Lab3-3.o
 .debug_macro   0x0000000000028ce4      0x12f src/Lab3-3.o
 .debug_macro   0x0000000000028e13      0x108 src/Lab3-3.o
 .debug_macro   0x0000000000028f1b       0x35 src/Lab3-3.o
 .debug_macro   0x0000000000028f50      0x2fe src/Lab3-3.o
 .debug_macro   0x000000000002924e      0x519 src/Lab3-3.o
 .debug_macro   0x0000000000029767       0x44 src/Lab3-3.o
 .debug_macro   0x00000000000297ab      0x15c src/Lab3-3.o
 .debug_macro   0x0000000000029907       0x46 src/Lab3-3.o
 .debug_macro   0x000000000002994d       0x17 src/Lab3-3.o
 .debug_macro   0x0000000000029964       0x3c src/Lab3-3.o
 .debug_macro   0x00000000000299a0       0x34 src/Lab3-3.o
 .debug_macro   0x00000000000299d4       0x52 src/Lab3-3.o
 .debug_macro   0x0000000000029a26       0x1f src/Lab3-3.o
 .debug_macro   0x0000000000029a45       0x43 src/Lab3-3.o
 .debug_macro   0x0000000000029a88       0x20 src/Lab3-3.o
 .debug_macro   0x0000000000029aa8      0x1a3 src/Lab3-3.o
 .debug_macro   0x0000000000029c4b      0x32a src/Lab3-3.o
 .debug_macro   0x0000000000029f75       0x10 src/Lab3-3.o
 .debug_macro   0x0000000000029f85       0x35 src/Lab3-3.o
 .debug_macro   0x0000000000029fba       0x20 src/Lab3-3.o
 .debug_macro   0x0000000000029fda       0x1c src/Lab3-3.o
 .debug_macro   0x0000000000029ff6       0x10 src/Lab3-3.o
 .debug_macro   0x000000000002a006       0x10 src/Lab3-3.o
 .debug_macro   0x000000000002a016       0x1c src/Lab3-3.o
 .debug_macro   0x000000000002a032       0x52 src/Lab3-3.o
 .debug_macro   0x000000000002a084       0x40 src/Lab3-3.o
 .debug_macro   0x000000000002a0c4       0x10 src/Lab3-3.o
 .debug_macro   0x000000000002a0d4       0x40 src/Lab3-3.o
 .debug_macro   0x000000000002a114       0xd7 src/Lab3-3.o
 .debug_macro   0x000000000002a1eb       0x1c src/Lab3-3.o
 .debug_macro   0x000000000002a207       0x3d src/Lab3-3.o
 .debug_macro   0x000000000002a244       0x16 src/Lab3-3.o
 .debug_macro   0x000000000002a25a      0x145 src/Lab3-3.o
 .debug_macro   0x000000000002a39f       0x4c src/Lab3-3.o
 .debug_macro   0x000000000002a3eb       0x16 src/Lab3-3.o
 .debug_macro   0x000000000002a401       0x16 src/Lab3-3.o
 .debug_macro   0x000000000002a417       0x29 src/Lab3-3.o
 .debug_macro   0x000000000002a440      0x368 src/init.o
 .debug_macro   0x000000000002a7a8      0x35e src/uart.o
 .debug_macro   0x000000000002ab06      0x1c7 stm32lib/CMSIS/Device/ST/STM32F7xx/Source/Templates/system_stm32f7xx.o
 .debug_macro   0x000000000002accd      0x1e5 stm32lib/STM32F7xx_HAL_Driver/Src/stm32f7xx_hal.o
 .debug_macro   0x000000000002aeb2      0x1c1 stm32lib/STM32F7xx_HAL_Driver/Src/stm32f7xx_hal_cortex.o
 .debug_macro   0x000000000002b073      0x1f7 stm32lib/STM32F7xx_HAL_Driver/Src/stm32f7xx_hal_gpio.o
 .debug_macro   0x000000000002b26a      0x1d9 stm32lib/STM32F7xx_HAL_Driver/Src/stm32f7xx_hal_pwr_ex.o
 .debug_macro   0x000000000002b443      0x1e5 stm32lib/STM32F7xx_HAL_Driver/Src/stm32f7xx_hal_rcc.o
 .debug_macro   0x000000000002b628      0x1c9 stm32lib/STM32F7xx_HAL_Driver/Src/stm32f7xx_hal_spi.o
 .debug_macro   0x000000000002b7f1      0x1de stm32lib/STM32F7xx_HAL_Driver/Src/stm32f7xx_hal_uart.o

.debug_line     0x0000000000000000     0x7dde
 .debug_line    0x0000000000000000      0x9f1 src/Lab3-3.o
 .debug_line    0x00000000000009f1      0xa27 src/init.o
 .debug_line    0x0000000000001418      0xa21 src/uart.o
 .debug_line    0x0000000000001e39       0x7f startup/startup_stm32f769xx.o
 .debug_line    0x0000000000001eb8      0x7f8 stm32lib/CMSIS/Device/ST/STM32F7xx/Source/Templates/system_stm32f7xx.o
 .debug_line    0x00000000000026b0      0x9ea stm32lib/STM32F7xx_HAL_Driver/Src/stm32f7xx_hal.o
 .debug_line    0x000000000000309a      0x9f9 stm32lib/STM32F7xx_HAL_Driver/Src/stm32f7xx_hal_cortex.o
 .debug_line    0x0000000000003a93      0x937 stm32lib/STM32F7xx_HAL_Driver/Src/stm32f7xx_hal_gpio.o
 .debug_line    0x00000000000043ca      0x8e1 stm32lib/STM32F7xx_HAL_Driver/Src/stm32f7xx_hal_pwr_ex.o
 .debug_line    0x0000000000004cab      0xa66 stm32lib/STM32F7xx_HAL_Driver/Src/stm32f7xx_hal_rcc.o
 .debug_line    0x0000000000005711     0x13f5 stm32lib/STM32F7xx_HAL_Driver/Src/stm32f7xx_hal_spi.o
 .debug_line    0x0000000000006b06     0x12d8 stm32lib/STM32F7xx_HAL_Driver/Src/stm32f7xx_hal_uart.o

.debug_str      0x0000000000000000   0x108851
 .debug_str     0x0000000000000000   0x106161 src/Lab3-3.o
                                     0x106955 (size before relaxing)
 .debug_str     0x0000000000106161      0x328 src/init.o
                                     0x1067ec (size before relaxing)
 .debug_str     0x0000000000106489       0xa3 src/uart.o
                                     0x1066c1 (size before relaxing)
 .debug_str     0x000000000010652c       0x2f startup/startup_stm32f769xx.o
                                         0x71 (size before relaxing)
 .debug_str     0x000000000010655b       0xc4 stm32lib/CMSIS/Device/ST/STM32F7xx/Source/Templates/system_stm32f7xx.o
                                     0x1020cb (size before relaxing)
 .debug_str     0x000000000010661f      0xa64 stm32lib/STM32F7xx_HAL_Driver/Src/stm32f7xx_hal.o
                                     0x102a93 (size before relaxing)
 .debug_str     0x0000000000107083      0x368 stm32lib/STM32F7xx_HAL_Driver/Src/stm32f7xx_hal_cortex.o
                                     0x102a9f (size before relaxing)
 .debug_str     0x00000000001073eb      0x24e stm32lib/STM32F7xx_HAL_Driver/Src/stm32f7xx_hal_gpio.o
                                     0x102277 (size before relaxing)
 .debug_str     0x0000000000107639      0x211 stm32lib/STM32F7xx_HAL_Driver/Src/stm32f7xx_hal_pwr_ex.o
                                     0x102327 (size before relaxing)
 .debug_str     0x000000000010784a      0x255 stm32lib/STM32F7xx_HAL_Driver/Src/stm32f7xx_hal_rcc.o
                                     0x1023f1 (size before relaxing)
 .debug_str     0x0000000000107a9f      0x624 stm32lib/STM32F7xx_HAL_Driver/Src/stm32f7xx_hal_spi.o
                                     0x1028fd (size before relaxing)
 .debug_str     0x00000000001080c3      0x78e stm32lib/STM32F7xx_HAL_Driver/Src/stm32f7xx_hal_uart.o
                                     0x102c1e (size before relaxing)

.comment        0x0000000000000000       0x7b
 .comment       0x0000000000000000       0x7b src/Lab3-3.o
                                         0x7c (size before relaxing)
 .comment       0x000000000000007b       0x7c src/init.o
 .comment       0x000000000000007b       0x7c src/uart.o
 .comment       0x000000000000007b       0x7c stm32lib/CMSIS/Device/ST/STM32F7xx/Source/Templates/system_stm32f7xx.o
 .comment       0x000000000000007b       0x7c stm32lib/STM32F7xx_HAL_Driver/Src/stm32f7xx_hal.o
 .comment       0x000000000000007b       0x7c stm32lib/STM32F7xx_HAL_Driver/Src/stm32f7xx_hal_cortex.o
 .comment       0x000000000000007b       0x7c stm32lib/STM32F7xx_HAL_Driver/Src/stm32f7xx_hal_gpio.o
 .comment       0x000000000000007b       0x7c stm32lib/STM32F7xx_HAL_Driver/Src/stm32f7xx_hal_pwr_ex.o
 .comment       0x000000000000007b       0x7c stm32lib/STM32F7xx_HAL_Driver/Src/stm32f7xx_hal_rcc.o
 .comment       0x000000000000007b       0x7c stm32lib/STM32F7xx_HAL_Driver/Src/stm32f7xx_hal_spi.o
 .comment       0x000000000000007b       0x7c stm32lib/STM32F7xx_HAL_Driver/Src/stm32f7xx_hal_uart.o

.debug_frame    0x0000000000000000     0x1cf0
 .debug_frame   0x0000000000000000       0x64 src/Lab3-3.o
 .debug_frame   0x0000000000000064       0x78 src/init.o
 .debug_frame   0x00000000000000dc       0xf4 src/uart.o
 .debug_frame   0x00000000000001d0       0x3c stm32lib/CMSIS/Device/ST/STM32F7xx/Source/Templates/system_stm32f7xx.o
 .debug_frame   0x000000000000020c      0x22c stm32lib/STM32F7xx_HAL_Driver/Src/stm32f7xx_hal.o
 .debug_frame   0x0000000000000438      0x15c stm32lib/STM32F7xx_HAL_Driver/Src/stm32f7xx_hal_cortex.o
 .debug_frame   0x0000000000000594       0xd8 stm32lib/STM32F7xx_HAL_Driver/Src/stm32f7xx_hal_gpio.o
 .debug_frame   0x000000000000066c      0x134 stm32lib/STM32F7xx_HAL_Driver/Src/stm32f7xx_hal_pwr_ex.o
 .debug_frame   0x00000000000007a0      0x190 stm32lib/STM32F7xx_HAL_Driver/Src/stm32f7xx_hal_rcc.o
 .debug_frame   0x0000000000000930      0x634 stm32lib/STM32F7xx_HAL_Driver/Src/stm32f7xx_hal_spi.o
 .debug_frame   0x0000000000000f64      0x578 stm32lib/STM32F7xx_HAL_Driver/Src/stm32f7xx_hal_uart.o
 .debug_frame   0x00000000000014dc       0x68 c:/st/stm32cubeide_1.4.0/stm32cubeide/plugins/com.st.stm32cube.ide.mcu.externaltools.gnu-tools-for-stm32.7-2018-q2-update.win32_1.4.0.202007081208/tools/bin/../lib/gcc/arm-none-eabi/7.3.1/../../../../arm-none-eabi/lib/thumb/v7e-m/fpv5/hard\libc_nano.a(lib_a-fflush.o)
 .debug_frame   0x0000000000001544      0x11c c:/st/stm32cubeide_1.4.0/stm32cubeide/plugins/com.st.stm32cube.ide.mcu.externaltools.gnu-tools-for-stm32.7-2018-q2-update.win32_1.4.0.202007081208/tools/bin/../lib/gcc/arm-none-eabi/7.3.1/../../../../arm-none-eabi/lib/thumb/v7e-m/fpv5/hard\libc_nano.a(lib_a-findfp.o)
 .debug_frame   0x0000000000001660       0x54 c:/st/stm32cubeide_1.4.0/stm32cubeide/plugins/com.st.stm32cube.ide.mcu.externaltools.gnu-tools-for-stm32.7-2018-q2-update.win32_1.4.0.202007081208/tools/bin/../lib/gcc/arm-none-eabi/7.3.1/../../../../arm-none-eabi/lib/thumb/v7e-m/fpv5/hard\libc_nano.a(lib_a-fwalk.o)
 .debug_frame   0x00000000000016b4       0x2c c:/st/stm32cubeide_1.4.0/stm32cubeide/plugins/com.st.stm32cube.ide.mcu.externaltools.gnu-tools-for-stm32.7-2018-q2-update.win32_1.4.0.202007081208/tools/bin/../lib/gcc/arm-none-eabi/7.3.1/../../../../arm-none-eabi/lib/thumb/v7e-m/fpv5/hard\libc_nano.a(lib_a-init.o)
 .debug_frame   0x00000000000016e0       0x20 c:/st/stm32cubeide_1.4.0/stm32cubeide/plugins/com.st.stm32cube.ide.mcu.externaltools.gnu-tools-for-stm32.7-2018-q2-update.win32_1.4.0.202007081208/tools/bin/../lib/gcc/arm-none-eabi/7.3.1/../../../../arm-none-eabi/lib/thumb/v7e-m/fpv5/hard\libc_nano.a(lib_a-memset.o)
 .debug_frame   0x0000000000001700       0x38 c:/st/stm32cubeide_1.4.0/stm32cubeide/plugins/com.st.stm32cube.ide.mcu.externaltools.gnu-tools-for-stm32.7-2018-q2-update.win32_1.4.0.202007081208/tools/bin/../lib/gcc/arm-none-eabi/7.3.1/../../../../arm-none-eabi/lib/thumb/v7e-m/fpv5/hard\libc_nano.a(lib_a-nano-freer.o)
 .debug_frame   0x0000000000001738       0x2c c:/st/stm32cubeide_1.4.0/stm32cubeide/plugins/com.st.stm32cube.ide.mcu.externaltools.gnu-tools-for-stm32.7-2018-q2-update.win32_1.4.0.202007081208/tools/bin/../lib/gcc/arm-none-eabi/7.3.1/../../../../arm-none-eabi/lib/thumb/v7e-m/fpv5/hard\libc_nano.a(lib_a-nano-mallocr.o)
 .debug_frame   0x0000000000001764       0x74 c:/st/stm32cubeide_1.4.0/stm32cubeide/plugins/com.st.stm32cube.ide.mcu.externaltools.gnu-tools-for-stm32.7-2018-q2-update.win32_1.4.0.202007081208/tools/bin/../lib/gcc/arm-none-eabi/7.3.1/../../../../arm-none-eabi/lib/thumb/v7e-m/fpv5/hard\libc_nano.a(lib_a-printf.o)
 .debug_frame   0x00000000000017d8       0x2c c:/st/stm32cubeide_1.4.0/stm32cubeide/plugins/com.st.stm32cube.ide.mcu.externaltools.gnu-tools-for-stm32.7-2018-q2-update.win32_1.4.0.202007081208/tools/bin/../lib/gcc/arm-none-eabi/7.3.1/../../../../arm-none-eabi/lib/thumb/v7e-m/fpv5/hard\libc_nano.a(lib_a-sbrkr.o)
 .debug_frame   0x0000000000001804       0x88 c:/st/stm32cubeide_1.4.0/stm32cubeide/plugins/com.st.stm32cube.ide.mcu.externaltools.gnu-tools-for-stm32.7-2018-q2-update.win32_1.4.0.202007081208/tools/bin/../lib/gcc/arm-none-eabi/7.3.1/../../../../arm-none-eabi/lib/thumb/v7e-m/fpv5/hard\libc_nano.a(lib_a-stdio.o)
 .debug_frame   0x000000000000188c       0x2c c:/st/stm32cubeide_1.4.0/stm32cubeide/plugins/com.st.stm32cube.ide.mcu.externaltools.gnu-tools-for-stm32.7-2018-q2-update.win32_1.4.0.202007081208/tools/bin/../lib/gcc/arm-none-eabi/7.3.1/../../../../arm-none-eabi/lib/thumb/v7e-m/fpv5/hard\libc_nano.a(lib_a-writer.o)
 .debug_frame   0x00000000000018b8       0x2c c:/st/stm32cubeide_1.4.0/stm32cubeide/plugins/com.st.stm32cube.ide.mcu.externaltools.gnu-tools-for-stm32.7-2018-q2-update.win32_1.4.0.202007081208/tools/bin/../lib/gcc/arm-none-eabi/7.3.1/../../../../arm-none-eabi/lib/thumb/v7e-m/fpv5/hard\libc_nano.a(lib_a-closer.o)
 .debug_frame   0x00000000000018e4       0x2c c:/st/stm32cubeide_1.4.0/stm32cubeide/plugins/com.st.stm32cube.ide.mcu.externaltools.gnu-tools-for-stm32.7-2018-q2-update.win32_1.4.0.202007081208/tools/bin/../lib/gcc/arm-none-eabi/7.3.1/../../../../arm-none-eabi/lib/thumb/v7e-m/fpv5/hard\libc_nano.a(lib_a-lseekr.o)
 .debug_frame   0x0000000000001910       0x30 c:/st/stm32cubeide_1.4.0/stm32cubeide/plugins/com.st.stm32cube.ide.mcu.externaltools.gnu-tools-for-stm32.7-2018-q2-update.win32_1.4.0.202007081208/tools/bin/../lib/gcc/arm-none-eabi/7.3.1/../../../../arm-none-eabi/lib/thumb/v7e-m/fpv5/hard\libc_nano.a(lib_a-mlock.o)
 .debug_frame   0x0000000000001940       0xac c:/st/stm32cubeide_1.4.0/stm32cubeide/plugins/com.st.stm32cube.ide.mcu.externaltools.gnu-tools-for-stm32.7-2018-q2-update.win32_1.4.0.202007081208/tools/bin/../lib/gcc/arm-none-eabi/7.3.1/../../../../arm-none-eabi/lib/thumb/v7e-m/fpv5/hard\libc_nano.a(lib_a-nano-vfprintf.o)
 .debug_frame   0x00000000000019ec       0x60 c:/st/stm32cubeide_1.4.0/stm32cubeide/plugins/com.st.stm32cube.ide.mcu.externaltools.gnu-tools-for-stm32.7-2018-q2-update.win32_1.4.0.202007081208/tools/bin/../lib/gcc/arm-none-eabi/7.3.1/../../../../arm-none-eabi/lib/thumb/v7e-m/fpv5/hard\libc_nano.a(lib_a-nano-vfprintf_i.o)
 .debug_frame   0x0000000000001a4c       0x2c c:/st/stm32cubeide_1.4.0/stm32cubeide/plugins/com.st.stm32cube.ide.mcu.externaltools.gnu-tools-for-stm32.7-2018-q2-update.win32_1.4.0.202007081208/tools/bin/../lib/gcc/arm-none-eabi/7.3.1/../../../../arm-none-eabi/lib/thumb/v7e-m/fpv5/hard\libc_nano.a(lib_a-readr.o)
 .debug_frame   0x0000000000001a78       0x5c c:/st/stm32cubeide_1.4.0/stm32cubeide/plugins/com.st.stm32cube.ide.mcu.externaltools.gnu-tools-for-stm32.7-2018-q2-update.win32_1.4.0.202007081208/tools/bin/../lib/gcc/arm-none-eabi/7.3.1/../../../../arm-none-eabi/lib/thumb/v7e-m/fpv5/hard\libc_nano.a(lib_a-reent.o)
 .debug_frame   0x0000000000001ad4       0x40 c:/st/stm32cubeide_1.4.0/stm32cubeide/plugins/com.st.stm32cube.ide.mcu.externaltools.gnu-tools-for-stm32.7-2018-q2-update.win32_1.4.0.202007081208/tools/bin/../lib/gcc/arm-none-eabi/7.3.1/../../../../arm-none-eabi/lib/thumb/v7e-m/fpv5/hard\libc_nano.a(lib_a-wbuf.o)
 .debug_frame   0x0000000000001b14       0x2c c:/st/stm32cubeide_1.4.0/stm32cubeide/plugins/com.st.stm32cube.ide.mcu.externaltools.gnu-tools-for-stm32.7-2018-q2-update.win32_1.4.0.202007081208/tools/bin/../lib/gcc/arm-none-eabi/7.3.1/../../../../arm-none-eabi/lib/thumb/v7e-m/fpv5/hard\libc_nano.a(lib_a-wsetup.o)
 .debug_frame   0x0000000000001b40       0x58 c:/st/stm32cubeide_1.4.0/stm32cubeide/plugins/com.st.stm32cube.ide.mcu.externaltools.gnu-tools-for-stm32.7-2018-q2-update.win32_1.4.0.202007081208/tools/bin/../lib/gcc/arm-none-eabi/7.3.1/../../../../arm-none-eabi/lib/thumb/v7e-m/fpv5/hard\libc_nano.a(lib_a-makebuf.o)
 .debug_frame   0x0000000000001b98       0x2c c:/st/stm32cubeide_1.4.0/stm32cubeide/plugins/com.st.stm32cube.ide.mcu.externaltools.gnu-tools-for-stm32.7-2018-q2-update.win32_1.4.0.202007081208/tools/bin/../lib/gcc/arm-none-eabi/7.3.1/../../../../arm-none-eabi/lib/thumb/v7e-m/fpv5/hard\libc_nano.a(lib_a-fstatr.o)
 .debug_frame   0x0000000000001bc4       0x2c c:/st/stm32cubeide_1.4.0/stm32cubeide/plugins/com.st.stm32cube.ide.mcu.externaltools.gnu-tools-for-stm32.7-2018-q2-update.win32_1.4.0.202007081208/tools/bin/../lib/gcc/arm-none-eabi/7.3.1/../../../../arm-none-eabi/lib/thumb/v7e-m/fpv5/hard\libc_nano.a(lib_a-isattyr.o)
 .debug_frame   0x0000000000001bf0       0x2c c:/st/stm32cubeide_1.4.0/stm32cubeide/plugins/com.st.stm32cube.ide.mcu.externaltools.gnu-tools-for-stm32.7-2018-q2-update.win32_1.4.0.202007081208/tools/bin/../lib/gcc/arm-none-eabi/7.3.1/thumb/v7e-m/fpv5/hard\libgcc.a(_aeabi_uldivmod.o)
 .debug_frame   0x0000000000001c1c       0x34 c:/st/stm32cubeide_1.4.0/stm32cubeide/plugins/com.st.stm32cube.ide.mcu.externaltools.gnu-tools-for-stm32.7-2018-q2-update.win32_1.4.0.202007081208/tools/bin/../lib/gcc/arm-none-eabi/7.3.1/thumb/v7e-m/fpv5/hard\libgcc.a(_udivmoddi4.o)
 .debug_frame   0x0000000000001c50       0x20 c:/st/stm32cubeide_1.4.0/stm32cubeide/plugins/com.st.stm32cube.ide.mcu.externaltools.gnu-tools-for-stm32.7-2018-q2-update.win32_1.4.0.202007081208/tools/bin/../lib/gcc/arm-none-eabi/7.3.1/../../../../arm-none-eabi/lib/thumb/v7e-m/fpv5/hard\libnosys.a(close.o)
 .debug_frame   0x0000000000001c70       0x20 c:/st/stm32cubeide_1.4.0/stm32cubeide/plugins/com.st.stm32cube.ide.mcu.externaltools.gnu-tools-for-stm32.7-2018-q2-update.win32_1.4.0.202007081208/tools/bin/../lib/gcc/arm-none-eabi/7.3.1/../../../../arm-none-eabi/lib/thumb/v7e-m/fpv5/hard\libnosys.a(fstat.o)
 .debug_frame   0x0000000000001c90       0x20 c:/st/stm32cubeide_1.4.0/stm32cubeide/plugins/com.st.stm32cube.ide.mcu.externaltools.gnu-tools-for-stm32.7-2018-q2-update.win32_1.4.0.202007081208/tools/bin/../lib/gcc/arm-none-eabi/7.3.1/../../../../arm-none-eabi/lib/thumb/v7e-m/fpv5/hard\libnosys.a(isatty.o)
 .debug_frame   0x0000000000001cb0       0x20 c:/st/stm32cubeide_1.4.0/stm32cubeide/plugins/com.st.stm32cube.ide.mcu.externaltools.gnu-tools-for-stm32.7-2018-q2-update.win32_1.4.0.202007081208/tools/bin/../lib/gcc/arm-none-eabi/7.3.1/../../../../arm-none-eabi/lib/thumb/v7e-m/fpv5/hard\libnosys.a(lseek.o)
 .debug_frame   0x0000000000001cd0       0x20 c:/st/stm32cubeide_1.4.0/stm32cubeide/plugins/com.st.stm32cube.ide.mcu.externaltools.gnu-tools-for-stm32.7-2018-q2-update.win32_1.4.0.202007081208/tools/bin/../lib/gcc/arm-none-eabi/7.3.1/../../../../arm-none-eabi/lib/thumb/v7e-m/fpv5/hard\libnosys.a(sbrk.o)

.stab           0x0000000000000000       0x6c
 .stab          0x0000000000000000       0x24 c:/st/stm32cubeide_1.4.0/stm32cubeide/plugins/com.st.stm32cube.ide.mcu.externaltools.gnu-tools-for-stm32.7-2018-q2-update.win32_1.4.0.202007081208/tools/bin/../lib/gcc/arm-none-eabi/7.3.1/../../../../arm-none-eabi/lib/thumb/v7e-m/fpv5/hard\libnosys.a(close.o)
 .stab          0x0000000000000024       0x18 c:/st/stm32cubeide_1.4.0/stm32cubeide/plugins/com.st.stm32cube.ide.mcu.externaltools.gnu-tools-for-stm32.7-2018-q2-update.win32_1.4.0.202007081208/tools/bin/../lib/gcc/arm-none-eabi/7.3.1/../../../../arm-none-eabi/lib/thumb/v7e-m/fpv5/hard\libnosys.a(fstat.o)
                                         0x24 (size before relaxing)
 .stab          0x000000000000003c       0x18 c:/st/stm32cubeide_1.4.0/stm32cubeide/plugins/com.st.stm32cube.ide.mcu.externaltools.gnu-tools-for-stm32.7-2018-q2-update.win32_1.4.0.202007081208/tools/bin/../lib/gcc/arm-none-eabi/7.3.1/../../../../arm-none-eabi/lib/thumb/v7e-m/fpv5/hard\libnosys.a(isatty.o)
                                         0x24 (size before relaxing)
 .stab          0x0000000000000054       0x18 c:/st/stm32cubeide_1.4.0/stm32cubeide/plugins/com.st.stm32cube.ide.mcu.externaltools.gnu-tools-for-stm32.7-2018-q2-update.win32_1.4.0.202007081208/tools/bin/../lib/gcc/arm-none-eabi/7.3.1/../../../../arm-none-eabi/lib/thumb/v7e-m/fpv5/hard\libnosys.a(lseek.o)
                                         0x24 (size before relaxing)

.stabstr        0x0000000000000000       0xe3
 .stabstr       0x0000000000000000       0xe3 c:/st/stm32cubeide_1.4.0/stm32cubeide/plugins/com.st.stm32cube.ide.mcu.externaltools.gnu-tools-for-stm32.7-2018-q2-update.win32_1.4.0.202007081208/tools/bin/../lib/gcc/arm-none-eabi/7.3.1/../../../../arm-none-eabi/lib/thumb/v7e-m/fpv5/hard\libnosys.a(close.o)